Component: Arm Compiler for Embedded 6.24 Tool: armlink [5f371500]

==============================================================================

Section Cross References

    system_py32f0xx.o(.text.SystemCoreClockUpdate) refers to system_py32f0xx.o(.rodata.HSIFreqTable) for HSIFreqTable
    system_py32f0xx.o(.text.SystemCoreClockUpdate) refers to system_py32f0xx.o(.data.SystemCoreClock) for SystemCoreClock
    system_py32f0xx.o(.text.SystemCoreClockUpdate) refers to system_py32f0xx.o(.rodata.AHBPrescTable) for AHBPrescTable
    system_py32f0xx.o(.ARM.exidx.text.SystemCoreClockUpdate) refers to system_py32f0xx.o(.text.SystemCoreClockUpdate) for [Anonymous Symbol]
    system_py32f0xx.o(.ARM.exidx.text.SystemInit) refers to system_py32f0xx.o(.text.SystemInit) for [Anonymous Symbol]
    system_py32f0xx.o(.text.$Sub$$main) refers to main.o(.text.main) for $Super$$main
    system_py32f0xx.o(.text.$Sub$$main) refers to system_py32f0xx.o(.ARM.__at_0x20000000) for VECT_SRAM_TAB
    system_py32f0xx.o(.ARM.exidx.text.$Sub$$main) refers to system_py32f0xx.o(.text.$Sub$$main) for [Anonymous Symbol]
    startup_py32f003xx.o(RESET) refers to startup_py32f003xx.o(STACK) for __initial_sp
    startup_py32f003xx.o(RESET) refers to startup_py32f003xx.o(.text) for Reset_Handler
    startup_py32f003xx.o(RESET) refers to py32f0xx_it.o(.text.NMI_Handler) for NMI_Handler
    startup_py32f003xx.o(RESET) refers to py32f0xx_it.o(.text.HardFault_Handler) for HardFault_Handler
    startup_py32f003xx.o(RESET) refers to py32f0xx_it.o(.text.SVC_Handler) for SVC_Handler
    startup_py32f003xx.o(RESET) refers to py32f0xx_it.o(.text.PendSV_Handler) for PendSV_Handler
    startup_py32f003xx.o(RESET) refers to py32f0xx_it.o(.text.SysTick_Handler) for SysTick_Handler
    startup_py32f003xx.o(RESET) refers to py32f0xx_it.o(.text.EXTI0_1_IRQHandler) for EXTI0_1_IRQHandler
    startup_py32f003xx.o(.text) refers to system_py32f0xx.o(.text.SystemInit) for SystemInit
    startup_py32f003xx.o(.text) refers to entry.o(.ARM.Collect$$$$00000000) for __main
    main.o(.text.main) refers to py32f0xx_hal.o(.text.HAL_Init) for HAL_Init
    main.o(.text.main) refers to memseta.o(.text) for __aeabi_memclr4
    main.o(.text.main) refers to py32f0xx_hal_rcc.o(.text.HAL_RCC_OscConfig) for HAL_RCC_OscConfig
    main.o(.text.main) refers to py32f0xx_hal_rcc.o(.text.HAL_RCC_ClockConfig) for HAL_RCC_ClockConfig
    main.o(.text.main) refers to py32f0xx_hal.o(.text.HAL_GetTick) for HAL_GetTick
    main.o(.text.main) refers to py32f0xx_hal_adc.o(.text.HAL_ADC_Calibration_Start) for HAL_ADC_Calibration_Start
    main.o(.text.main) refers to py32f0xx_hal_adc.o(.text.HAL_ADC_Init) for HAL_ADC_Init
    main.o(.text.main) refers to py32f0xx_hal_adc.o(.text.HAL_ADC_ConfigChannel) for HAL_ADC_ConfigChannel
    main.o(.text.main) refers to py32f0xx_hal_gpio.o(.text.HAL_GPIO_Init) for HAL_GPIO_Init
    main.o(.text.main) refers to py32f0xx_hal_tim.o(.text.HAL_TIM_Base_Init) for HAL_TIM_Base_Init
    main.o(.text.main) refers to py32f0xx_hal_tim.o(.text.HAL_TIM_OC_ConfigChannel) for HAL_TIM_OC_ConfigChannel
    main.o(.text.main) refers to py32f0xx_hal_tim.o(.text.HAL_TIM_OC_Start) for HAL_TIM_OC_Start
    main.o(.text.main) refers to py32f0xx_hal_cortex.o(.text.HAL_NVIC_EnableIRQ) for HAL_NVIC_EnableIRQ
    main.o(.text.main) refers to py32f0xx_hal_cortex.o(.text.HAL_NVIC_SetPriority) for HAL_NVIC_SetPriority
    main.o(.text.main) refers to segger_rtt_printf.o(.text.SEGGER_RTT_printf) for SEGGER_RTT_printf
    main.o(.text.main) refers to main.o(.text.PID_Init) for PID_Init
    main.o(.text.main) refers to py32f0xx_hal_flash.o(.text.HAL_FLASH_Unlock) for HAL_FLASH_Unlock
    main.o(.text.main) refers to py32f0xx_hal_flash.o(.text.HAL_FLASH_OB_Unlock) for HAL_FLASH_OB_Unlock
    main.o(.text.main) refers to py32f0xx_hal_flash.o(.text.HAL_FLASH_OBProgram) for HAL_FLASH_OBProgram
    main.o(.text.main) refers to py32f0xx_hal_flash.o(.text.HAL_FLASH_Lock) for HAL_FLASH_Lock
    main.o(.text.main) refers to py32f0xx_hal_flash.o(.text.HAL_FLASH_OB_Lock) for HAL_FLASH_OB_Lock
    main.o(.text.main) refers to py32f0xx_hal_flash.o(.text.HAL_FLASH_OB_Launch) for HAL_FLASH_OB_Launch
    main.o(.text.main) refers to main.o(.text.APP_AdcPoll) for APP_AdcPoll
    main.o(.text.main) refers to uidiv_div0.o(.text) for __aeabi_uidiv
    main.o(.text.main) refers to main.o(.text.calculateTemp) for calculateTemp
    main.o(.text.main) refers to main.o(.text.PID_Compute) for PID_Compute
    main.o(.text.main) refers to ffixi.o(.text) for __aeabi_f2iz
    main.o(.text.main) refers to py32f0xx_hal_gpio.o(.text.HAL_GPIO_WritePin) for HAL_GPIO_WritePin
    main.o(.text.main) refers to py32f0xx_hal.o(.text.HAL_Delay) for HAL_Delay
    main.o(.text.main) refers to main.o(.text.APP_ErrorHandler) for APP_ErrorHandler
    main.o(.text.main) refers to main.o(.bss..L_MergedGlobals) for [Anonymous Symbol]
    main.o(.text.main) refers to main.o(.bss.AdcHandle) for AdcHandle
[...]
    Removing py32f0xx_hal_tim.o(.text.HAL_TIM_PWM_Start), (76 bytes).
    Removing py32f0xx_hal_tim.o(.ARM.exidx.text.HAL_TIM_PWM_Start), (8 bytes).
    Removing py32f0xx_hal_tim.o(.text.HAL_TIM_PWM_Stop), (112 bytes).
    Removing py32f0xx_hal_tim.o(.ARM.exidx.text.HAL_TIM_PWM_Stop), (8 bytes).
    Removing py32f0xx_hal_tim.o(.text.HAL_TIM_PWM_Start_IT), (100 bytes).
    Removing py32f0xx_hal_tim.o(.ARM.exidx.text.HAL_TIM_PWM_Start_IT), (8 bytes).
    Removing py32f0xx_hal_tim.o(.text.HAL_TIM_PWM_Stop_IT), (132 bytes).
    Removing py32f0xx_hal_tim.o(.ARM.exidx.text.HAL_TIM_PWM_Stop_IT), (8 bytes).
    Removing py32f0xx_hal_tim.o(.text.HAL_TIM_PWM_Start_DMA), (328 bytes).
    Removing py32f0xx_hal_tim.o(.ARM.exidx.text.HAL_TIM_PWM_Start_DMA), (8 bytes).
    Removing py32f0xx_hal_tim.o(.text.HAL_TIM_PWM_Stop_DMA), (152 bytes).
    Removing py32f0xx_hal_tim.o(.ARM.exidx.text.HAL_TIM_PWM_Stop_DMA), (8 bytes).
    Removing py32f0xx_hal_tim.o(.text.HAL_TIM_IC_Init), (52 bytes).
    Removing py32f0xx_hal_tim.o(.ARM.exidx.text.HAL_TIM_IC_Init), (8 bytes).
    Removing py32f0xx_hal_tim.o(.text.HAL_TIM_IC_MspInit), (2 bytes).
    Removing py32f0xx_hal_tim.o(.ARM.exidx.text.HAL_TIM_IC_MspInit), (8 bytes).
    Removing py32f0xx_hal_tim.o(.text.HAL_TIM_IC_DeInit), (56 bytes).
    Removing py32f0xx_hal_tim.o(.ARM.exidx.text.HAL_TIM_IC_DeInit), (8 bytes).
    Removing py32f0xx_hal_tim.o(.text.HAL_TIM_IC_MspDeInit), (2 bytes).
    Removing py32f0xx_hal_tim.o(.ARM.exidx.text.HAL_TIM_IC_MspDeInit), (8 bytes).
    Removing py32f0xx_hal_tim.o(.text.HAL_TIM_IC_Start), (36 bytes).
    Removing py32f0xx_hal_tim.o(.ARM.exidx.text.HAL_TIM_IC_Start), (8 bytes).
    Removing py32f0xx_hal_tim.o(.text.HAL_TIM_IC_Stop), (52 bytes).
    Removing py32f0xx_hal_tim.o(.ARM.exidx.text.HAL_TIM_IC_Stop), (8 bytes).
    Removing py32f0xx_hal_tim.o(.text.HAL_TIM_IC_Start_IT), (64 bytes).
    Removing py32f0xx_hal_tim.o(.ARM.exidx.text.HAL_TIM_IC_Start_IT), (8 bytes).
    Removing py32f0xx_hal_tim.o(.text.HAL_TIM_IC_Stop_IT), (76 bytes).
    Removing py32f0xx_hal_tim.o(.ARM.exidx.text.HAL_TIM_IC_Stop_IT), (8 bytes).
    Removing py32f0xx_hal_tim.o(.text.HAL_TIM_IC_Start_DMA), (276 bytes).
    Removing py32f0xx_hal_tim.o(.ARM.exidx.text.HAL_TIM_IC_Start_DMA), (8 bytes).
    Removing py32f0xx_hal_tim.o(.text.TIM_DMACaptureCplt), (58 bytes).
    Removing py32f0xx_hal_tim.o(.ARM.exidx.text.TIM_DMACaptureCplt), (8 bytes).
    Removing py32f0xx_hal_tim.o(.text.TIM_DMACaptureHalfCplt), (58 bytes).
    Removing py32f0xx_hal_tim.o(.ARM.exidx.text.TIM_DMACaptureHalfCplt), (8 bytes).
    Removing py32f0xx_hal_tim.o(.text.HAL_TIM_IC_Stop_DMA), (96 bytes).
    Removing py32f0xx_hal_tim.o(.ARM.exidx.text.HAL_TIM_IC_Stop_DMA), (8 bytes).
    Removing py32f0xx_hal_tim.o(.text.HAL_TIM_OnePulse_Init), (70 bytes).
    Removing py32f0xx_hal_tim.o(.ARM.exidx.text.HAL_TIM_OnePulse_Init), (8 bytes).
    Removing py32f0xx_hal_tim.o(.text.HAL_TIM_OnePulse_MspInit), (2 bytes).
    Removing py32f0xx_hal_tim.o(.ARM.exidx.text.HAL_TIM_OnePulse_MspInit), (8 bytes).
    Removing py32f0xx_hal_tim.o(.text.HAL_TIM_OnePulse_DeInit), (56 bytes).
    Removing py32f0xx_hal_tim.o(.ARM.exidx.text.HAL_TIM_OnePulse_DeInit), (8 bytes).
    Removing py32f0xx_hal_tim.o(.text.HAL_TIM_OnePulse_MspDeInit), (2 bytes).
    Removing py32f0xx_hal_tim.o(.ARM.exidx.text.HAL_TIM_OnePulse_MspDeInit), (8 bytes).
    Removing py32f0xx_hal_tim.o(.text.HAL_TIM_OnePulse_Start), (72 bytes).
    Removing py32f0xx_hal_tim.o(.ARM.exidx.text.HAL_TIM_OnePulse_Start), (8 bytes).
    Removing py32f0xx_hal_tim.o(.text.HAL_TIM_OnePulse_Stop), (120 bytes).
    Removing py32f0xx_hal_tim.o(.ARM.exidx.text.HAL_TIM_OnePulse_Stop), (8 bytes).
    Removing py32f0xx_hal_tim.o(.text.HAL_TIM_OnePulse_Start_IT), (88 bytes).
    Removing py32f0xx_hal_tim.o(.ARM.exidx.text.HAL_TIM_OnePulse_Start_IT), (8 bytes).
    Removing py32f0xx_hal_tim.o(.text.HAL_TIM_OnePulse_Stop_IT), (136 bytes).
    Removing py32f0xx_hal_tim.o(.ARM.exidx.text.HAL_TIM_OnePulse_Stop_IT), (8 bytes).
    Removing py32f0xx_hal_tim.o(.text.HAL_TIM_Encoder_Init), (148 bytes).
    Removing py32f0xx_hal_tim.o(.ARM.exidx.text.HAL_TIM_Encoder_Init), (8 bytes).
    Removing py32f0xx_hal_tim.o(.text.HAL_TIM_Encoder_MspInit), (2 bytes).
    Removing py32f0xx_hal_tim.o(.ARM.exidx.text.HAL_TIM_Encoder_MspInit), (8 bytes).
    Removing py32f0xx_hal_tim.o(.text.HAL_TIM_Encoder_DeInit), (56 bytes).
    Removing py32f0xx_hal_tim.o(.ARM.exidx.text.HAL_TIM_Encoder_DeInit), (8 bytes).
    Removing py32f0xx_hal_tim.o(.text.HAL_TIM_Encoder_MspDeInit), (2 bytes).
    Removing py32f0xx_hal_tim.o(.ARM.exidx.text.HAL_TIM_Encoder_MspDeInit), (8 bytes).
    Removing py32f0xx_hal_tim.o(.text.HAL_TIM_Encoder_Start), (58 bytes).
    Removing py32f0xx_hal_tim.o(.ARM.exidx.text.HAL_TIM_Encoder_Start), (8 bytes).
    Removing py32f0xx_hal_tim.o(.text.HAL_TIM_Encoder_Stop), (84 bytes).
    Removing py32f0xx_hal_tim.o(.ARM.exidx.text.HAL_TIM_Encoder_Stop), (8 bytes).
    Removing py32f0xx_hal_tim.o(.text.HAL_TIM_Encoder_Start_IT), (92 bytes).
    Removing py32f0xx_hal_tim.o(.ARM.exidx.text.HAL_TIM_Encoder_Start_IT), (8 bytes).
    Removing py32f0xx_hal_tim.o(.text.HAL_TIM_Encoder_Stop_IT), (120 bytes).
    Removing py32f0xx_hal_tim.o(.ARM.exidx.text.HAL_TIM_Encoder_Stop_IT), (8 bytes).
    Removing py32f0xx_hal_tim.o(.text.HAL_TIM_Encoder_Start_DMA), (320 bytes).
    Removing py32f0xx_hal_tim.o(.ARM.exidx.text.HAL_TIM_Encoder_Start_DMA), (8 bytes).
    Removing py32f0xx_hal_tim.o(.text.HAL_TIM_Encoder_Stop_DMA), (160 bytes).
    Removing py32f0xx_hal_tim.o(.ARM.exidx.text.HAL_TIM_Encoder_Stop_DMA), (8 bytes).
    Removing py32f0xx_hal_tim.o(.text.HAL_TIM_IRQHandler), (328 bytes).
    Removing py32f0xx_hal_tim.o(.ARM.exidx.text.HAL_TIM_IRQHandler), (8 bytes).
    Removing py32f0xx_hal_tim.o(.text.HAL_TIM_IC_CaptureCallback), (2 bytes).
    Removing py32f0xx_hal_tim.o(.ARM.exidx.text.HAL_TIM_IC_CaptureCallback), (8 bytes).
    Removing py32f0xx_hal_tim.o(.text.HAL_TIM_OC_DelayElapsedCallback), (2 bytes).
    Removing py32f0xx_hal_tim.o(.ARM.exidx.text.HAL_TIM_OC_DelayElapsedCallback), (8 bytes).
    Removing py32f0xx_hal_tim.o(.text.HAL_TIM_PWM_PulseFinishedCallback), (2 bytes).
    Removing py32f0xx_hal_tim.o(.ARM.exidx.text.HAL_TIM_PWM_PulseFinishedCallback), (8 bytes).
    Removing py32f0xx_hal_tim.o(.text.HAL_TIM_PeriodElapsedCallback), (2 bytes).
    Removing py32f0xx_hal_tim.o(.ARM.exidx.text.HAL_TIM_PeriodElapsedCallback), (8 bytes).
    Removing py32f0xx_hal_tim.o(.text.HAL_TIM_TriggerCallback), (2 bytes).
    Removing py32f0xx_hal_tim.o(.ARM.exidx.text.HAL_TIM_TriggerCallback), (8 bytes).
    Removing py32f0xx_hal_tim.o(.ARM.exidx.text.HAL_TIM_OC_ConfigChannel), (8 bytes).
    Removing py32f0xx_hal_tim.o(.ARM.exidx.text.TIM_OC1_SetConfig), (8 bytes).
    Removing py32f0xx_hal_tim.o(.ARM.exidx.text.TIM_OC2_SetConfig), (8 bytes).
    Removing py32f0xx_hal_tim.o(.ARM.exidx.text.TIM_OC3_SetConfig), (8 bytes).
    Removing py32f0xx_hal_tim.o(.ARM.exidx.text.TIM_OC4_SetConfig), (8 bytes).
    Removing py32f0xx_hal_tim.o(.text.HAL_TIM_IC_ConfigChannel), (256 bytes).
    Removing py32f0xx_hal_tim.o(.ARM.exidx.text.HAL_TIM_IC_ConfigChannel), (8 bytes).
    Removing py32f0xx_hal_tim.o(.text.TIM_TI1_SetConfig), (68 bytes).
    Removing py32f0xx_hal_tim.o(.ARM.exidx.text.TIM_TI1_SetConfig), (8 bytes).
    Removing py32f0xx_hal_tim.o(.text.TIM_TI2_SetConfig), (56 bytes).
    Removing py32f0xx_hal_tim.o(.ARM.exidx.text.TIM_TI2_SetConfig), (8 bytes).
    Removing py32f0xx_hal_tim.o(.text.HAL_TIM_PWM_ConfigChannel), (188 bytes).
    Removing py32f0xx_hal_tim.o(.ARM.exidx.text.HAL_TIM_PWM_ConfigChannel), (8 bytes).
    Removing py32f0xx_hal_tim.o(.text.HAL_TIM_OnePulse_ConfigChannel), (208 bytes).
    Removing py32f0xx_hal_tim.o(.ARM.exidx.text.HAL_TIM_OnePulse_ConfigChannel), (8 bytes).
    Removing py32f0xx_hal_tim.o(.text.HAL_TIM_DMABurst_WriteStart), (18 bytes).
    Removing py32f0xx_hal_tim.o(.ARM.exidx.text.HAL_TIM_DMABurst_WriteStart), (8 bytes).
    Removing py32f0xx_hal_tim.o(.text.HAL_TIM_DMABurst_MultiWriteStart), (328 bytes).
    Removing py32f0xx_hal_tim.o(.ARM.exidx.text.HAL_TIM_DMABurst_MultiWriteStart), (8 bytes).
    Removing py32f0xx_hal_tim.o(.text.TIM_DMATriggerCplt), (16 bytes).
    Removing py32f0xx_hal_tim.o(.ARM.exidx.text.TIM_DMATriggerCplt), (8 bytes).
    Removing py32f0xx_hal_tim.o(.text.TIM_DMATriggerHalfCplt), (16 bytes).
    Removing py32f0xx_hal_tim.o(.ARM.exidx.text.TIM_DMATriggerHalfCplt), (8 bytes).
    Removing py32f0xx_hal_tim.o(.text.HAL_TIM_DMABurst_WriteStop), (100 bytes).
    Removing py32f0xx_hal_tim.o(.ARM.exidx.text.HAL_TIM_DMABurst_WriteStop), (8 bytes).
    Removing py32f0xx_hal_tim.o(.text.HAL_TIM_DMABurst_ReadStart), (18 bytes).
    Removing py32f0xx_hal_tim.o(.ARM.exidx.text.HAL_TIM_DMABurst_ReadStart), (8 bytes).
    Removing py32f0xx_hal_tim.o(.text.HAL_TIM_DMABurst_MultiReadStart), (328 bytes).
    Removing py32f0xx_hal_tim.o(.ARM.exidx.text.HAL_TIM_DMABurst_MultiReadStart), (8 bytes).
    Removing py32f0xx_hal_tim.o(.text.HAL_TIM_DMABurst_ReadStop), (100 bytes).
    Removing py32f0xx_hal_tim.o(.ARM.exidx.text.HAL_TIM_DMABurst_ReadStop), (8 bytes).
    Removing py32f0xx_hal_tim.o(.text.HAL_TIM_GenerateEvent), (34 bytes).
    Removing py32f0xx_hal_tim.o(.ARM.exidx.text.HAL_TIM_GenerateEvent), (8 bytes).
    Removing py32f0xx_hal_tim.o(.text.HAL_TIM_ConfigOCrefClear), (236 bytes).
    Removing py32f0xx_hal_tim.o(.ARM.exidx.text.HAL_TIM_ConfigOCrefClear), (8 bytes).
    Removing py32f0xx_hal_tim.o(.text.TIM_ETR_SetConfig), (22 bytes).
    Removing py32f0xx_hal_tim.o(.ARM.exidx.text.TIM_ETR_SetConfig), (8 bytes).
    Removing py32f0xx_hal_tim.o(.text.HAL_TIM_ConfigClockSource), (228 bytes).
    Removing py32f0xx_hal_tim.o(.ARM.exidx.text.HAL_TIM_ConfigClockSource), (8 bytes).
    Removing py32f0xx_hal_tim.o(.text.TIM_TI1_ConfigInputStage), (34 bytes).
    Removing py32f0xx_hal_tim.o(.ARM.exidx.text.TIM_TI1_ConfigInputStage), (8 bytes).
    Removing py32f0xx_hal_tim.o(.text.TIM_TI2_ConfigInputStage), (38 bytes).
    Removing py32f0xx_hal_tim.o(.ARM.exidx.text.TIM_TI2_ConfigInputStage), (8 bytes).
    Removing py32f0xx_hal_tim.o(.text.HAL_TIM_ConfigTI1Input), (16 bytes).
    Removing py32f0xx_hal_tim.o(.ARM.exidx.text.HAL_TIM_ConfigTI1Input), (8 bytes).
    Removing py32f0xx_hal_tim.o(.text.HAL_TIM_SlaveConfigSynchro), (70 bytes).
    Removing py32f0xx_hal_tim.o(.ARM.exidx.text.HAL_TIM_SlaveConfigSynchro), (8 bytes).
    Removing py32f0xx_hal_tim.o(.text.TIM_SlaveTimer_SetConfig), (136 bytes).
    Removing py32f0xx_hal_tim.o(.ARM.exidx.text.TIM_SlaveTimer_SetConfig), (8 bytes).
    Removing py32f0xx_hal_tim.o(.text.HAL_TIM_SlaveConfigSynchro_IT), (70 bytes).
    Removing py32f0xx_hal_tim.o(.ARM.exidx.text.HAL_TIM_SlaveConfigSynchro_IT), (8 bytes).
    Removing py32f0xx_hal_tim.o(.text.HAL_TIM_ReadCapturedValue), (22 bytes).
    Removing py32f0xx_hal_tim.o(.ARM.exidx.text.HAL_TIM_ReadCapturedValue), (8 bytes).
    Removing py32f0xx_hal_tim.o(.text.HAL_TIM_PeriodElapsedHalfCpltCallback), (2 bytes).
    Removing py32f0xx_hal_tim.o(.ARM.exidx.text.HAL_TIM_PeriodElapsedHalfCpltCallback), (8 bytes).
    Removing py32f0xx_hal_tim.o(.text.HAL_TIM_IC_CaptureHalfCpltCallback), (2 bytes).
    Removing py32f0xx_hal_tim.o(.ARM.exidx.text.HAL_TIM_IC_CaptureHalfCpltCallback), (8 bytes).
    Removing py32f0xx_hal_tim.o(.text.HAL_TIM_PWM_PulseFinishedHalfCpltCallback), (2 bytes).
    Removing py32f0xx_hal_tim.o(.ARM.exidx.text.HAL_TIM_PWM_PulseFinishedHalfCpltCallback), (8 bytes).
    Removing py32f0xx_hal_tim.o(.text.HAL_TIM_TriggerHalfCpltCallback), (2 bytes).
    Removing py32f0xx_hal_tim.o(.ARM.exidx.text.HAL_TIM_TriggerHalfCpltCallback), (8 bytes).
    Removing py32f0xx_hal_tim.o(.text.HAL_TIM_ErrorCallback), (2 bytes).
    Removing py32f0xx_hal_tim.o(.ARM.exidx.text.HAL_TIM_ErrorCallback), (8 bytes).
    Removing py32f0xx_hal_tim.o(.text.HAL_TIM_Base_GetState), (6 bytes).
    Removing py32f0xx_hal_tim.o(.ARM.exidx.text.HAL_TIM_Base_GetState), (8 bytes).
    Removing py32f0xx_hal_tim.o(.text.HAL_TIM_OC_GetState), (6 bytes).
    Removing py32f0xx_hal_tim.o(.ARM.exidx.text.HAL_TIM_OC_GetState), (8 bytes).
    Removing py32f0xx_hal_tim.o(.text.HAL_TIM_PWM_GetState), (6 bytes).
    Removing py32f0xx_hal_tim.o(.ARM.exidx.text.HAL_TIM_PWM_GetState), (8 bytes).
    Removing py32f0xx_hal_tim.o(.text.HAL_TIM_IC_GetState), (6 bytes).
    Removing py32f0xx_hal_tim.o(.ARM.exidx.text.HAL_TIM_IC_GetState), (8 bytes).
    Removing py32f0xx_hal_tim.o(.text.HAL_TIM_OnePulse_GetState), (6 bytes).
    Removing py32f0xx_hal_tim.o(.ARM.exidx.text.HAL_TIM_OnePulse_GetState), (8 bytes).
    Removing py32f0xx_hal_tim.o(.text.HAL_TIM_Encoder_GetState), (6 bytes).
    Removing py32f0xx_hal_tim.o(.ARM.exidx.text.HAL_TIM_Encoder_GetState), (8 bytes).
    Removing py32f0xx_hal_tim.o(.rodata.cst16), (48 bytes).
    Removing py32f0xx_hal_tim_ex.o(.text), (0 bytes).
    Removing py32f0xx_hal_tim_ex.o(.text.HAL_TIMEx_HallSensor_Init), (174 bytes).
    Removing py32f0xx_hal_tim_ex.o(.ARM.exidx.text.HAL_TIMEx_HallSensor_Init), (8 bytes).
    Removing py32f0xx_hal_tim_ex.o(.text.HAL_TIMEx_HallSensor_MspInit), (2 bytes).
    Removing py32f0xx_hal_tim_ex.o(.ARM.exidx.text.HAL_TIMEx_HallSensor_MspInit), (8 bytes).
    Removing py32f0xx_hal_tim_ex.o(.text.HAL_TIMEx_HallSensor_DeInit), (56 bytes).
    Removing py32f0xx_hal_tim_ex.o(.ARM.exidx.text.HAL_TIMEx_HallSensor_DeInit), (8 bytes).
    Removing py32f0xx_hal_tim_ex.o(.text.HAL_TIMEx_HallSensor_MspDeInit), (2 bytes).
    Removing py32f0xx_hal_tim_ex.o(.ARM.exidx.text.HAL_TIMEx_HallSensor_MspDeInit), (8 bytes).
    Removing py32f0xx_hal_tim_ex.o(.text.HAL_TIMEx_HallSensor_Start), (38 bytes).
    Removing py32f0xx_hal_tim_ex.o(.ARM.exidx.text.HAL_TIMEx_HallSensor_Start), (8 bytes).
    Removing py32f0xx_hal_tim_ex.o(.text.HAL_TIMEx_HallSensor_Stop), (52 bytes).
    Removing py32f0xx_hal_tim_ex.o(.ARM.exidx.text.HAL_TIMEx_HallSensor_Stop), (8 bytes).
    Removing py32f0xx_hal_tim_ex.o(.text.HAL_TIMEx_HallSensor_Start_IT), (46 bytes).
    Removing py32f0xx_hal_tim_ex.o(.ARM.exidx.text.HAL_TIMEx_HallSensor_Start_IT), (8 bytes).
    Removing py32f0xx_hal_tim_ex.o(.text.HAL_TIMEx_HallSensor_Stop_IT), (60 bytes).
    Removing py32f0xx_hal_tim_ex.o(.ARM.exidx.text.HAL_TIMEx_HallSensor_Stop_IT), (8 bytes).
    Removing py32f0xx_hal_tim_ex.o(.text.HAL_TIMEx_HallSensor_Start_DMA), (144 bytes).
    Removing py32f0xx_hal_tim_ex.o(.ARM.exidx.text.HAL_TIMEx_HallSensor_Start_DMA), (8 bytes).
    Removing py32f0xx_hal_tim_ex.o(.text.HAL_TIMEx_HallSensor_Stop_DMA), (68 bytes).
    Removing py32f0xx_hal_tim_ex.o(.ARM.exidx.text.HAL_TIMEx_HallSensor_Stop_DMA), (8 bytes).
    Removing py32f0xx_hal_tim_ex.o(.text.HAL_TIMEx_OCN_Start), (44 bytes).
    Removing py32f0xx_hal_tim_ex.o(.ARM.exidx.text.HAL_TIMEx_OCN_Start), (8 bytes).
    Removing py32f0xx_hal_tim_ex.o(.text.TIM_CCxNChannelCmd), (26 bytes).
    Removing py32f0xx_hal_tim_ex.o(.ARM.exidx.text.TIM_CCxNChannelCmd), (8 bytes).
    Removing py32f0xx_hal_tim_ex.o(.text.HAL_TIMEx_OCN_Stop), (76 bytes).
    Removing py32f0xx_hal_tim_ex.o(.ARM.exidx.text.HAL_TIMEx_OCN_Stop), (8 bytes).
    Removing py32f0xx_hal_tim_ex.o(.text.HAL_TIMEx_OCN_Start_IT), (80 bytes).
    Removing py32f0xx_hal_tim_ex.o(.ARM.exidx.text.HAL_TIMEx_OCN_Start_IT), (8 bytes).
    Removing py32f0xx_hal_tim_ex.o(.text.HAL_TIMEx_OCN_Stop_IT), (116 bytes).
    Removing py32f0xx_hal_tim_ex.o(.ARM.exidx.text.HAL_TIMEx_OCN_Stop_IT), (8 bytes).
    Removing py32f0xx_hal_tim_ex.o(.text.HAL_TIMEx_OCN_Start_DMA), (244 bytes).
    Removing py32f0xx_hal_tim_ex.o(.ARM.exidx.text.HAL_TIMEx_OCN_Start_DMA), (8 bytes).
    Removing py32f0xx_hal_tim_ex.o(.text.HAL_TIMEx_OCN_Stop_DMA), (140 bytes).
    Removing py32f0xx_hal_tim_ex.o(.ARM.exidx.text.HAL_TIMEx_OCN_Stop_DMA), (8 bytes).
    Removing py32f0xx_hal_tim_ex.o(.text.HAL_TIMEx_PWMN_Start), (44 bytes).
    Removing py32f0xx_hal_tim_ex.o(.ARM.exidx.text.HAL_TIMEx_PWMN_Start), (8 bytes).
    Removing py32f0xx_hal_tim_ex.o(.text.HAL_TIMEx_PWMN_Stop), (76 bytes).
    Removing py32f0xx_hal_tim_ex.o(.ARM.exidx.text.HAL_TIMEx_PWMN_Stop), (8 bytes).
    Removing py32f0xx_hal_tim_ex.o(.text.HAL_TIMEx_PWMN_Start_IT), (80 bytes).
    Removing py32f0xx_hal_tim_ex.o(.ARM.exidx.text.HAL_TIMEx_PWMN_Start_IT), (8 bytes).
    Removing py32f0xx_hal_tim_ex.o(.text.HAL_TIMEx_PWMN_Stop_IT), (116 bytes).
    Removing py32f0xx_hal_tim_ex.o(.ARM.exidx.text.HAL_TIMEx_PWMN_Stop_IT), (8 bytes).
    Removing py32f0xx_hal_tim_ex.o(.text.HAL_TIMEx_PWMN_Start_DMA), (244 bytes).
    Removing py32f0xx_hal_tim_ex.o(.ARM.exidx.text.HAL_TIMEx_PWMN_Start_DMA), (8 bytes).
    Removing py32f0xx_hal_tim_ex.o(.text.HAL_TIMEx_PWMN_Stop_DMA), (140 bytes).
    Removing py32f0xx_hal_tim_ex.o(.ARM.exidx.text.HAL_TIMEx_PWMN_Stop_DMA), (8 bytes).
    Removing py32f0xx_hal_tim_ex.o(.text.HAL_TIMEx_OnePulseN_Start), (28 bytes).
    Removing py32f0xx_hal_tim_ex.o(.ARM.exidx.text.HAL_TIMEx_OnePulseN_Start), (8 bytes).
    Removing py32f0xx_hal_tim_ex.o(.text.HAL_TIMEx_OnePulseN_Stop), (76 bytes).
    Removing py32f0xx_hal_tim_ex.o(.ARM.exidx.text.HAL_TIMEx_OnePulseN_Stop), (8 bytes).
    Removing py32f0xx_hal_tim_ex.o(.text.HAL_TIMEx_OnePulseN_Start_IT), (42 bytes).
    Removing py32f0xx_hal_tim_ex.o(.ARM.exidx.text.HAL_TIMEx_OnePulseN_Start_IT), (8 bytes).
    Removing py32f0xx_hal_tim_ex.o(.text.HAL_TIMEx_OnePulseN_Stop_IT), (92 bytes).
    Removing py32f0xx_hal_tim_ex.o(.ARM.exidx.text.HAL_TIMEx_OnePulseN_Stop_IT), (8 bytes).
    Removing py32f0xx_hal_tim_ex.o(.text.HAL_TIMEx_ConfigCommutEvent), (78 bytes).
    Removing py32f0xx_hal_tim_ex.o(.ARM.exidx.text.HAL_TIMEx_ConfigCommutEvent), (8 bytes).
    Removing py32f0xx_hal_tim_ex.o(.text.HAL_TIMEx_ConfigCommutEvent_IT), (86 bytes).
    Removing py32f0xx_hal_tim_ex.o(.ARM.exidx.text.HAL_TIMEx_ConfigCommutEvent_IT), (8 bytes).
    Removing py32f0xx_hal_tim_ex.o(.text.HAL_TIMEx_ConfigCommutEvent_DMA), (120 bytes).
    Removing py32f0xx_hal_tim_ex.o(.ARM.exidx.text.HAL_TIMEx_ConfigCommutEvent_DMA), (8 bytes).
    Removing py32f0xx_hal_tim_ex.o(.text.TIMEx_DMACommutationCplt), (16 bytes).
    Removing py32f0xx_hal_tim_ex.o(.ARM.exidx.text.TIMEx_DMACommutationCplt), (8 bytes).
    Removing py32f0xx_hal_tim_ex.o(.text.TIMEx_DMACommutationHalfCplt), (16 bytes).
    Removing py32f0xx_hal_tim_ex.o(.ARM.exidx.text.TIMEx_DMACommutationHalfCplt), (8 bytes).
    Removing py32f0xx_hal_tim_ex.o(.text.HAL_TIMEx_MasterConfigSynchronization), (80 bytes).
    Removing py32f0xx_hal_tim_ex.o(.ARM.exidx.text.HAL_TIMEx_MasterConfigSynchronization), (8 bytes).
    Removing py32f0xx_hal_tim_ex.o(.text.HAL_TIMEx_ConfigBreakDeadTime), (90 bytes).
    Removing py32f0xx_hal_tim_ex.o(.ARM.exidx.text.HAL_TIMEx_ConfigBreakDeadTime), (8 bytes).
    Removing py32f0xx_hal_tim_ex.o(.text.HAL_TIMEx_RemapConfig), (28 bytes).
    Removing py32f0xx_hal_tim_ex.o(.ARM.exidx.text.HAL_TIMEx_RemapConfig), (8 bytes).
    Removing py32f0xx_hal_tim_ex.o(.text.HAL_TIMEx_CommutCallback), (2 bytes).
    Removing py32f0xx_hal_tim_ex.o(.ARM.exidx.text.HAL_TIMEx_CommutCallback), (8 bytes).
    Removing py32f0xx_hal_tim_ex.o(.text.HAL_TIMEx_CommutHalfCpltCallback), (2 bytes).
    Removing py32f0xx_hal_tim_ex.o(.ARM.exidx.text.HAL_TIMEx_CommutHalfCpltCallback), (8 bytes).
    Removing py32f0xx_hal_tim_ex.o(.text.HAL_TIMEx_BreakCallback), (2 bytes).
    Removing py32f0xx_hal_tim_ex.o(.ARM.exidx.text.HAL_TIMEx_BreakCallback), (8 bytes).
    Removing py32f0xx_hal_tim_ex.o(.text.HAL_TIMEx_HallSensor_GetState), (6 bytes).
    Removing py32f0xx_hal_tim_ex.o(.ARM.exidx.text.HAL_TIMEx_HallSensor_GetState), (8 bytes).
    Removing py32f0xx_hal_dma.o(.text), (0 bytes).
    Removing py32f0xx_hal_dma.o(.text.HAL_DMA_Init), (120 bytes).
    Removing py32f0xx_hal_dma.o(.ARM.exidx.text.HAL_DMA_Init), (8 bytes).
    Removing py32f0xx_hal_dma.o(.text.HAL_DMA_DeInit), (84 bytes).
    Removing py32f0xx_hal_dma.o(.ARM.exidx.text.HAL_DMA_DeInit), (8 bytes).
    Removing py32f0xx_hal_dma.o(.text.HAL_DMA_Start), (68 bytes).
    Removing py32f0xx_hal_dma.o(.ARM.exidx.text.HAL_DMA_Start), (8 bytes).
    Removing py32f0xx_hal_dma.o(.text.DMA_SetConfig), (38 bytes).
    Removing py32f0xx_hal_dma.o(.ARM.exidx.text.DMA_SetConfig), (8 bytes).
    Removing py32f0xx_hal_dma.o(.text.HAL_DMA_Start_IT), (94 bytes).
    Removing py32f0xx_hal_dma.o(.ARM.exidx.text.HAL_DMA_Start_IT), (8 bytes).
    Removing py32f0xx_hal_dma.o(.text.HAL_DMA_Abort), (58 bytes).
    Removing py32f0xx_hal_dma.o(.ARM.exidx.text.HAL_DMA_Abort), (8 bytes).
    Removing py32f0xx_hal_dma.o(.text.HAL_DMA_Abort_IT), (88 bytes).
    Removing py32f0xx_hal_dma.o(.ARM.exidx.text.HAL_DMA_Abort_IT), (8 bytes).
    Removing py32f0xx_hal_dma.o(.text.HAL_DMA_PollForTransfer), (288 bytes).
    Removing py32f0xx_hal_dma.o(.ARM.exidx.text.HAL_DMA_PollForTransfer), (8 bytes).
    Removing py32f0xx_hal_dma.o(.text.HAL_DMA_IRQHandler), (180 bytes).
    Removing py32f0xx_hal_dma.o(.ARM.exidx.text.HAL_DMA_IRQHandler), (8 bytes).
    Removing py32f0xx_hal_dma.o(.text.HAL_DMA_RegisterCallback), (48 bytes).
    Removing py32f0xx_hal_dma.o(.ARM.exidx.text.HAL_DMA_RegisterCallback), (8 bytes).
    Removing py32f0xx_hal_dma.o(.text.HAL_DMA_UnRegisterCallback), (84 bytes).
    Removing py32f0xx_hal_dma.o(.ARM.exidx.text.HAL_DMA_UnRegisterCallback), (8 bytes).
    Removing py32f0xx_hal_dma.o(.text.HAL_DMA_ChannelMap), (68 bytes).
    Removing py32f0xx_hal_dma.o(.ARM.exidx.text.HAL_DMA_ChannelMap), (8 bytes).
    Removing py32f0xx_hal_dma.o(.text.HAL_DMA_GetState), (6 bytes).
    Removing py32f0xx_hal_dma.o(.ARM.exidx.text.HAL_DMA_GetState), (8 bytes).
    Removing py32f0xx_hal_dma.o(.text.HAL_DMA_GetError), (4 bytes).
    Removing py32f0xx_hal_dma.o(.ARM.exidx.text.HAL_DMA_GetError), (8 bytes).
    Removing py32f0xx_hal_pwr.o(.text), (0 bytes).
    Removing py32f0xx_hal_pwr.o(.text.HAL_PWR_DeInit), (24 bytes).
    Removing py32f0xx_hal_pwr.o(.ARM.exidx.text.HAL_PWR_DeInit), (8 bytes).
    Removing py32f0xx_hal_pwr.o(.text.HAL_PWR_EnableBkUpAccess), (20 bytes).
    Removing py32f0xx_hal_pwr.o(.ARM.exidx.text.HAL_PWR_EnableBkUpAccess), (8 bytes).
    Removing py32f0xx_hal_pwr.o(.text.HAL_PWR_DisableBkUpAccess), (20 bytes).
    Removing py32f0xx_hal_pwr.o(.ARM.exidx.text.HAL_PWR_DisableBkUpAccess), (8 bytes).
    Removing py32f0xx_hal_pwr.o(.text.HAL_PWR_ConfigPVD), (124 bytes).
    Removing py32f0xx_hal_pwr.o(.ARM.exidx.text.HAL_PWR_ConfigPVD), (8 bytes).
    Removing py32f0xx_hal_pwr.o(.text.HAL_PWR_EnablePVD), (16 bytes).
    Removing py32f0xx_hal_pwr.o(.ARM.exidx.text.HAL_PWR_EnablePVD), (8 bytes).
    Removing py32f0xx_hal_pwr.o(.text.HAL_PWR_DisablePVD), (16 bytes).
    Removing py32f0xx_hal_pwr.o(.ARM.exidx.text.HAL_PWR_DisablePVD), (8 bytes).
    Removing py32f0xx_hal_pwr.o(.text.HAL_PWR_ConfigStopMode), (40 bytes).
    Removing py32f0xx_hal_pwr.o(.ARM.exidx.text.HAL_PWR_ConfigStopMode), (8 bytes).
    Removing py32f0xx_hal_pwr.o(.text.HAL_PWR_ConfigBIAS), (40 bytes).
    Removing py32f0xx_hal_pwr.o(.ARM.exidx.text.HAL_PWR_ConfigBIAS), (8 bytes).
    Removing py32f0xx_hal_pwr.o(.text.HAL_PWR_EnterSLEEPMode), (32 bytes).
    Removing py32f0xx_hal_pwr.o(.ARM.exidx.text.HAL_PWR_EnterSLEEPMode), (8 bytes).
    Removing py32f0xx_hal_pwr.o(.text.HAL_PWR_EnterSTOPMode), (64 bytes).
    Removing py32f0xx_hal_pwr.o(.ARM.exidx.text.HAL_PWR_EnterSTOPMode), (8 bytes).
    Removing py32f0xx_hal_pwr.o(.text.HAL_PWR_EnableSleepOnExit), (16 bytes).
    Removing py32f0xx_hal_pwr.o(.ARM.exidx.text.HAL_PWR_EnableSleepOnExit), (8 bytes).
    Removing py32f0xx_hal_pwr.o(.text.HAL_PWR_DisableSleepOnExit), (16 bytes).
    Removing py32f0xx_hal_pwr.o(.ARM.exidx.text.HAL_PWR_DisableSleepOnExit), (8 bytes).
    Removing py32f0xx_hal_pwr.o(.text.HAL_PWR_EnableSEVOnPend), (16 bytes).
    Removing py32f0xx_hal_pwr.o(.ARM.exidx.text.HAL_PWR_EnableSEVOnPend), (8 bytes).
    Removing py32f0xx_hal_pwr.o(.text.HAL_PWR_DisableSEVOnPend), (16 bytes).
    Removing py32f0xx_hal_pwr.o(.ARM.exidx.text.HAL_PWR_DisableSEVOnPend), (8 bytes).
    Removing py32f0xx_hal_pwr.o(.text.HAL_PWR_PVD_IRQHandler), (28 bytes).
    Removing py32f0xx_hal_pwr.o(.ARM.exidx.text.HAL_PWR_PVD_IRQHandler), (8 bytes).
    Removing py32f0xx_hal_pwr.o(.text.HAL_PWR_PVD_Callback), (2 bytes).
    Removing py32f0xx_hal_pwr.o(.ARM.exidx.text.HAL_PWR_PVD_Callback), (8 bytes).
    Removing py32f0xx_hal_cortex.o(.text), (0 bytes).
    Removing py32f0xx_hal_cortex.o(.ARM.exidx.text.HAL_NVIC_SetPriority), (8 bytes).
    Removing py32f0xx_hal_cortex.o(.ARM.exidx.text.NVIC_SetPriority), (8 bytes).
    Removing py32f0xx_hal_cortex.o(.ARM.exidx.text.HAL_NVIC_EnableIRQ), (8 bytes).
    Removing py32f0xx_hal_cortex.o(.text.HAL_NVIC_DisableIRQ), (20 bytes).
    Removing py32f0xx_hal_cortex.o(.ARM.exidx.text.HAL_NVIC_DisableIRQ), (8 bytes).
    Removing py32f0xx_hal_cortex.o(.text.HAL_NVIC_SystemReset), (28 bytes).
    Removing py32f0xx_hal_cortex.o(.ARM.exidx.text.HAL_NVIC_SystemReset), (8 bytes).
    Removing py32f0xx_hal_cortex.o(.ARM.exidx.text.HAL_SYSTICK_Config), (8 bytes).
    Removing py32f0xx_hal_cortex.o(.text.HAL_NVIC_GetPriority), (48 bytes).
    Removing py32f0xx_hal_cortex.o(.ARM.exidx.text.HAL_NVIC_GetPriority), (8 bytes).
    Removing py32f0xx_hal_cortex.o(.text.HAL_NVIC_SetPendingIRQ), (20 bytes).
    Removing py32f0xx_hal_cortex.o(.ARM.exidx.text.HAL_NVIC_SetPendingIRQ), (8 bytes).
    Removing py32f0xx_hal_cortex.o(.text.HAL_NVIC_GetPendingIRQ), (20 bytes).
    Removing py32f0xx_hal_cortex.o(.ARM.exidx.text.HAL_NVIC_GetPendingIRQ), (8 bytes).
    Removing py32f0xx_hal_cortex.o(.text.HAL_NVIC_ClearPendingIRQ), (20 bytes).
    Removing py32f0xx_hal_cortex.o(.ARM.exidx.text.HAL_NVIC_ClearPendingIRQ), (8 bytes).
    Removing py32f0xx_hal_cortex.o(.text.HAL_SYSTICK_CLKSourceConfig), (28 bytes).
    Removing py32f0xx_hal_cortex.o(.ARM.exidx.text.HAL_SYSTICK_CLKSourceConfig), (8 bytes).
    Removing py32f0xx_hal_cortex.o(.text.HAL_SYSTICK_IRQHandler), (8 bytes).
    Removing py32f0xx_hal_cortex.o(.ARM.exidx.text.HAL_SYSTICK_IRQHandler), (8 bytes).
    Removing py32f0xx_hal_cortex.o(.text.HAL_SYSTICK_Callback), (2 bytes).
    Removing py32f0xx_hal_cortex.o(.ARM.exidx.text.HAL_SYSTICK_Callback), (8 bytes).

660 unused section(s) (total 22847 bytes) removed from the image.

==============================================================================

Image Symbol Table

    Local Symbols

    Symbol Name                              Value     Ov Type        Size  Object(Section)

    ../clib/division.s                       0x00000000   Number         0  aeabi_sdiv.o ABSOLUTE
    ../clib/division.s                       0x00000000   Number         0  aeabi_sdiv_div0.o ABSOLUTE
    ../clib/microlib/division.c              0x00000000   Number         0  uidiv.o ABSOLUTE
    ../clib/microlib/division.c              0x00000000   Number         0  idiv.o ABSOLUTE
    ../clib/microlib/division.c              0x00000000   Number         0  uidiv_div0.o ABSOLUTE
    ../clib/microlib/division.c              0x00000000   Number         0  idiv_div0.o ABSOLUTE
    ../clib/microlib/division.c              0x00000000   Number         0  idiv0.o ABSOLUTE
    ../clib/microlib/init/entry.s            0x00000000   Number         0  entry.o ABSOLUTE
    ../clib/microlib/init/entry.s            0x00000000   Number         0  entry2.o ABSOLUTE
    ../clib/microlib/init/entry.s            0x00000000   Number         0  entry5.o ABSOLUTE
    ../clib/microlib/init/entry.s            0x00000000   Number         0  entry7a.o ABSOLUTE
    ../clib/microlib/init/entry.s            0x00000000   Number         0  entry7b.o ABSOLUTE
    ../clib/microlib/init/entry.s            0x00000000   Number         0  entry8a.o ABSOLUTE
    ../clib/microlib/init/entry.s            0x00000000   Number         0  entry8b.o ABSOLUTE
    ../clib/microlib/init/entry.s            0x00000000   Number         0  entry9a.o ABSOLUTE
    ../clib/microlib/init/entry.s            0x00000000   Number         0  entry9b.o ABSOLUTE
    ../clib/microlib/init/entry.s            0x00000000   Number         0  entry10a.o ABSOLUTE
    ../clib/microlib/init/entry.s            0x00000000   Number         0  entry10b.o ABSOLUTE
    ../clib/microlib/init/entry.s            0x00000000   Number         0  entry11a.o ABSOLUTE
    ../clib/microlib/init/entry.s            0x00000000   Number         0  entry11b.o ABSOLUTE
    ../clib/microlib/string/memcpy.c         0x00000000   Number         0  memcpya.o ABSOLUTE
    ../clib/microlib/string/memcpy.c         0x00000000   Number         0  memcpyb.o ABSOLUTE
    ../clib/microlib/string/memset.c         0x00000000   Number         0  memseta.o ABSOLUTE
    ../clib/microlib/string/strlen.c         0x00000000   Number         0  strlen.o ABSOLUTE
    ../clib/microlib/stubs.s                 0x00000000   Number         0  iusefp.o ABSOLUTE
    ../fplib/microlib/d2f.c                  0x00000000   Number         0  d2f.o ABSOLUTE
    ../fplib/microlib/fpadd.c                0x00000000   Number         0  fadd.o ABSOLUTE
    ../fplib/microlib/fpcmp.c                0x00000000   Number         0  fcmpge.o ABSOLUTE
    ../fplib/microlib/fpcmp.c                0x00000000   Number         0  fcmpgt.o ABSOLUTE
    ../fplib/microlib/fpdiv.c                0x00000000   Number         0  fdiv.o ABSOLUTE
    ../fplib/microlib/fpepilogue.c           0x00000000   Number         0  fepilogue.o ABSOLUTE
    ../fplib/microlib/fpfix.c                0x00000000   Number         0  ffixi.o ABSOLUTE
    ../fplib/microlib/fpflt.c                0x00000000   Number         0  fflti.o ABSOLUTE
    ../fplib/microlib/fpmul.c                0x00000000   Number         0  fmul.o ABSOLUTE
    SEGGER_RTT.c                             0x00000000   Number         0  segger_rtt.o ABSOLUTE
    SEGGER_RTT_printf.c                      0x00000000   Number         0  segger_rtt_printf.o ABSOLUTE
    dc.s                                     0x00000000   Number         0  dc.o ABSOLUTE
    handlers.s                               0x00000000   Number         0  handlers.o ABSOLUTE
    init.s                                   0x00000000   Number         0  init.o ABSOLUTE
    main.c                                   0x00000000   Number         0  main.o ABSOLUTE
    py32f0xx_hal.c                           0x00000000   Number         0  py32f0xx_hal.o ABSOLUTE
    py32f0xx_hal_adc.c                       0x00000000   Number         0  py32f0xx_hal_adc.o ABSOLUTE
    py32f0xx_hal_cortex.c                    0x00000000   Number         0  py32f0xx_hal_cortex.o ABSOLUTE
    py32f0xx_hal_dma.c                       0x00000000   Number         0  py32f0xx_hal_dma.o ABSOLUTE
    py32f0xx_hal_flash.c                     0x00000000   Number         0  py32f0xx_hal_flash.o ABSOLUTE
    py32f0xx_hal_gpio.c                      0x00000000   Number         0  py32f0xx_hal_gpio.o ABSOLUTE
    py32f0xx_hal_msp.c                       0x00000000   Number         0  py32f0xx_hal_msp.o ABSOLUTE
    py32f0xx_hal_pwr.c                       0x00000000   Number         0  py32f0xx_hal_pwr.o ABSOLUTE
    py32f0xx_hal_rcc.c                       0x00000000   Number         0  py32f0xx_hal_rcc.o ABSOLUTE
    py32f0xx_hal_rcc_ex.c                    0x00000000   Number         0  py32f0xx_hal_rcc_ex.o ABSOLUTE
    py32f0xx_hal_tim.c                       0x00000000   Number         0  py32f0xx_hal_tim.o ABSOLUTE
    py32f0xx_hal_tim_ex.c                    0x00000000   Number         0  py32f0xx_hal_tim_ex.o ABSOLUTE
    py32f0xx_it.c                            0x00000000   Number         0  py32f0xx_it.o ABSOLUTE
    startup_py32f003xx.s                     0x00000000   Number         0  startup_py32f003xx.o ABSOLUTE
    system_py32f0xx.c                        0x00000000   Number         0  system_py32f0xx.o ABSOLUTE
    RESET                                    0x08000000   Section      192  startup_py32f003xx.o(RESET)
    .ARM.Collect$$$$00000000                 0x080000c0   Section        0  entry.o(.ARM.Collect$$$$00000000)
    .ARM.Collect$$$$00000001                 0x080000c0   Section        4  entry2.o(.ARM.Collect$$$$00000001)
    .ARM.Collect$$$$00000004                 0x080000c4   Section        4  entry5.o(.ARM.Collect$$$$00000004)
    .ARM.Collect$$$$00000008                 0x080000c8   Section        0  entry7b.o(.ARM.Collect$$$$00000008)
    .ARM.Collect$$$$0000000A                 0x080000c8   Section        0  entry8b.o(.ARM.Collect$$$$0000000A)
    .ARM.Collect$$$$0000000B                 0x080000c8   Section        8  entry9a.o(.ARM.Collect$$$$0000000B)
    __lit__00000000                          0x080000d0   Data           4  entry2.o(.ARM.Collect$$$$00002712)
    .ARM.Collect$$$$0000000D                 0x080000d0   Section        0  entry10a.o(.ARM.Collect$$$$0000000D)
    .ARM.Collect$$$$0000000F                 0x080000d0   Section        0  entry11a.o(.ARM.Collect$$$$0000000F)
    .ARM.Collect$$$$00002712                 0x080000d0   Section        4  entry2.o(.ARM.Collect$$$$00002712)
    .text                                    0x080000d4   Section       28  startup_py32f003xx.o(.text)
    .text                                    0x080000f0   Section        0  memcpya.o(.text)
    .text                                    0x08000114   Section        0  memseta.o(.text)
    .text                                    0x08000138   Section        0  fadd.o(.text)
    .text                                    0x080001ea   Section        0  fmul.o(.text)
    .text                                    0x08000264   Section        0  fdiv.o(.text)
    .text                                    0x080002e0   Section        0  fcmpge.o(.text)
    .text                                    0x080002fc   Section        0  fcmpgt.o(.text)
    .text                                    0x08000318   Section        0  fflti.o(.text)
    .text                                    0x0800032e   Section        0  ffixi.o(.text)
    .text                                    0x08000360   Section        0  d2f.o(.text)
    .text                                    0x08000398   Section        0  uidiv_div0.o(.text)
    .text                                    0x080003d8   Section        0  idiv_div0.o(.text)
    .text                                    0x08000428   Section        0  iusefp.o(.text)
    .text                                    0x08000428   Section        0  fepilogue.o(.text)
    .text                                    0x080004ac   Section       48  init.o(.text)
    [Anonymous Symbol]                       0x080004dc   Section        0  system_py32f0xx.o(.text.$Sub$$main)
    __arm_cp.2_0                             0x08000504   Number         4  system_py32f0xx.o(.text.$Sub$$main)
    __arm_cp.2_1                             0x08000508   Number         4  system_py32f0xx.o(.text.$Sub$$main)
    ADC_Enable                               0x0800050d   Thumb Code    76  py32f0xx_hal_adc.o(.text.ADC_Enable)
    [Anonymous Symbol]                       0x0800050c   Section        0  py32f0xx_hal_adc.o(.text.ADC_Enable)
    __arm_cp.7_0                             0x08000558   Number         4  py32f0xx_hal_adc.o(.text.ADC_Enable)
    [Anonymous Symbol]                       0x0800055c   Section        0  main.o(.text.APP_AdcPoll)
    __arm_cp.2_0                             0x080005dc   Number         4  main.o(.text.APP_AdcPoll)
    __arm_cp.2_1                             0x080005e0   Number         4  main.o(.text.APP_AdcPoll)
    __arm_cp.2_2                             0x080005e4   Number         4  main.o(.text.APP_AdcPoll)
    __arm_cp.2_3                             0x080005e8   Number         4  main.o(.text.APP_AdcPoll)
    __arm_cp.2_4                             0x080005ec   Number         4  main.o(.text.APP_AdcPoll)
    __arm_cp.2_5                             0x080005f0   Number         4  main.o(.text.APP_AdcPoll)
    [Anonymous Symbol]                       0x080005f4   Section        0  main.o(.text.APP_ErrorHandler)
    [Anonymous Symbol]                       0x08000608   Section        0  py32f0xx_it.o(.text.EXTI0_1_IRQHandler)
    __arm_cp.5_0                             0x0800061c   Number         4  py32f0xx_it.o(.text.EXTI0_1_IRQHandler)
    FLASH_WaitForLastOperation               0x08000621   Thumb Code    40  py32f0xx_hal_flash.o(.text.FLASH_WaitForLastOperation)
    [Anonymous Symbol]                       0x08000620   Section        0  py32f0xx_hal_flash.o(.text.FLASH_WaitForLastOperation)
    __arm_cp.7_0                             0x08000648   Number         4  py32f0xx_hal_flash.o(.text.FLASH_WaitForLastOperation)
    __arm_cp.7_1                             0x0800064c   Number         4  py32f0xx_hal_flash.o(.text.FLASH_WaitForLastOperation)
    [Anonymous Symbol]                       0x08000650   Section        0  py32f0xx_hal_adc.o(.text.HAL_ADC_Calibration_SingleStart)
    [Anonymous Symbol]                       0x080006d8   Section        0  py32f0xx_hal_adc.o(.text.HAL_ADC_Calibration_Start)
    __arm_cp.31_0                            0x08000764   Number         4  py32f0xx_hal_adc.o(.text.HAL_ADC_Calibration_Start)
    [Anonymous Symbol]                       0x08000768   Section        0  py32f0xx_hal_adc.o(.text.HAL_ADC_ConfigChannel)
    __arm_cp.24_0                            0x08000848   Number         4  py32f0xx_hal_adc.o(.text.HAL_ADC_ConfigChannel)
    __arm_cp.24_1                            0x0800084c   Number         4  py32f0xx_hal_adc.o(.text.HAL_ADC_ConfigChannel)
    __arm_cp.24_2                            0x08000850   Number         4  py32f0xx_hal_adc.o(.text.HAL_ADC_ConfigChannel)
    __arm_cp.24_3                            0x08000854   Number         4  py32f0xx_hal_adc.o(.text.HAL_ADC_ConfigChannel)
    __arm_cp.24_4                            0x08000858   Number         4  py32f0xx_hal_adc.o(.text.HAL_ADC_ConfigChannel)
    __arm_cp.24_5                            0x0800085c   Number         4  py32f0xx_hal_adc.o(.text.HAL_ADC_ConfigChannel)
    [Anonymous Symbol]                       0x08000860   Section        0  py32f0xx_hal_adc.o(.text.HAL_ADC_GetValue)
    [Anonymous Symbol]                       0x08000868   Section        0  py32f0xx_hal_adc.o(.text.HAL_ADC_Init)
    __arm_cp.0_0                             0x0800098c   Number         4  py32f0xx_hal_adc.o(.text.HAL_ADC_Init)
    __arm_cp.0_1                             0x08000990   Number         4  py32f0xx_hal_adc.o(.text.HAL_ADC_Init)
    [Anonymous Symbol]                       0x08000994   Section        0  py32f0xx_hal_adc.o(.text.HAL_ADC_MspInit)
    [Anonymous Symbol]                       0x08000996   Section        0  py32f0xx_hal_adc.o(.text.HAL_ADC_PollForConversion)
    [Anonymous Symbol]                       0x08000a50   Section        0  py32f0xx_hal_adc.o(.text.HAL_ADC_Start)
    __arm_cp.6_0                             0x08000aa0   Number         4  py32f0xx_hal_adc.o(.text.HAL_ADC_Start)
    [Anonymous Symbol]                       0x08000aa4   Section        0  py32f0xx_hal.o(.text.HAL_Delay)
    __arm_cp.10_0                            0x08000ac4   Number         4  py32f0xx_hal.o(.text.HAL_Delay)
    [Anonymous Symbol]                       0x08000ac8   Section        0  py32f0xx_hal_flash.o(.text.HAL_FLASH_Lock)
    [Anonymous Symbol]                       0x08000adc   Section        0  py32f0xx_hal_flash.o(.text.HAL_FLASH_OBProgram)
    __arm_cp.15_0                            0x08000c30   Number         4  py32f0xx_hal_flash.o(.text.HAL_FLASH_OBProgram)
    __arm_cp.15_1                            0x08000c34   Number         4  py32f0xx_hal_flash.o(.text.HAL_FLASH_OBProgram)
    __arm_cp.15_2                            0x08000c38   Number         4  py32f0xx_hal_flash.o(.text.HAL_FLASH_OBProgram)
    __arm_cp.15_3                            0x08000c3c   Number         4  py32f0xx_hal_flash.o(.text.HAL_FLASH_OBProgram)
    __arm_cp.15_4                            0x08000c40   Number         4  py32f0xx_hal_flash.o(.text.HAL_FLASH_OBProgram)
    __arm_cp.15_5                            0x08000c44   Number         4  py32f0xx_hal_flash.o(.text.HAL_FLASH_OBProgram)
    __arm_cp.15_6                            0x08000c48   Number         4  py32f0xx_hal_flash.o(.text.HAL_FLASH_OBProgram)
    __arm_cp.15_7                            0x08000c4c   Number         4  py32f0xx_hal_flash.o(.text.HAL_FLASH_OBProgram)
    [Anonymous Symbol]                       0x08000c50   Section        0  py32f0xx_hal_flash.o(.text.HAL_FLASH_OB_Launch)
    [Anonymous Symbol]                       0x08000c60   Section        0  py32f0xx_hal_flash.o(.text.HAL_FLASH_OB_Lock)
    __arm_cp.3_0                             0x08000c78   Number         4  py32f0xx_hal_flash.o(.text.HAL_FLASH_OB_Lock)
    [Anonymous Symbol]                       0x08000c7c   Section        0  py32f0xx_hal_flash.o(.text.HAL_FLASH_OB_Unlock)
    __arm_cp.2_0                             0x08000c98   Number         4  py32f0xx_hal_flash.o(.text.HAL_FLASH_OB_Unlock)
    __arm_cp.2_1                             0x08000c9c   Number         4  py32f0xx_hal_flash.o(.text.HAL_FLASH_OB_Unlock)
    __arm_cp.2_2                             0x08000ca0   Number         4  py32f0xx_hal_flash.o(.text.HAL_FLASH_OB_Unlock)
    [Anonymous Symbol]                       0x08000ca4   Section        0  py32f0xx_hal_flash.o(.text.HAL_FLASH_Unlock)
    __arm_cp.0_0                             0x08000cc0   Number         4  py32f0xx_hal_flash.o(.text.HAL_FLASH_Unlock)
    __arm_cp.0_1                             0x08000cc4   Number         4  py32f0xx_hal_flash.o(.text.HAL_FLASH_Unlock)
    __arm_cp.0_2                             0x08000cc8   Number         4  py32f0xx_hal_flash.o(.text.HAL_FLASH_Unlock)
    [Anonymous Symbol]                       0x08000ccc   Section        0  main.o(.text.HAL_GPIO_EXTI_Callback)
    __arm_cp.6_0                             0x08000cf0   Number         4  main.o(.text.HAL_GPIO_EXTI_Callback)
    [Anonymous Symbol]                       0x08000cf4   Section        0  py32f0xx_hal_gpio.o(.text.HAL_GPIO_EXTI_IRQHandler)
    __arm_cp.7_0                             0x08000d08   Number         4  py32f0xx_hal_gpio.o(.text.HAL_GPIO_EXTI_IRQHandler)
    [Anonymous Symbol]                       0x08000d0c   Section        0  py32f0xx_hal_gpio.o(.text.HAL_GPIO_Init)
    __arm_cp.0_0                             0x08000e70   Number         4  py32f0xx_hal_gpio.o(.text.HAL_GPIO_Init)
    __arm_cp.0_1                             0x08000e74   Number         4  py32f0xx_hal_gpio.o(.text.HAL_GPIO_Init)
    __arm_cp.0_2                             0x08000e78   Number         4  py32f0xx_hal_gpio.o(.text.HAL_GPIO_Init)
    __arm_cp.0_3                             0x08000e7c   Number         4  py32f0xx_hal_gpio.o(.text.HAL_GPIO_Init)
    [Anonymous Symbol]                       0x08000e80   Section        0  py32f0xx_hal_gpio.o(.text.HAL_GPIO_TogglePin)
    [Anonymous Symbol]                       0x08000e90   Section        0  py32f0xx_hal_gpio.o(.text.HAL_GPIO_WritePin)
    [Anonymous Symbol]                       0x08000ea0   Section        0  py32f0xx_hal.o(.text.HAL_GetTick)
    [Anonymous Symbol]                       0x08000ea8   Section        0  py32f0xx_hal.o(.text.HAL_IncTick)
    __arm_cp.5_1                             0x08000eb8   Number         4  py32f0xx_hal.o(.text.HAL_IncTick)
    [Anonymous Symbol]                       0x08000ebc   Section        0  py32f0xx_hal.o(.text.HAL_Init)
    [Anonymous Symbol]                       0x08000ed4   Section        0  py32f0xx_hal.o(.text.HAL_InitTick)
    __arm_cp.1_0                             0x08000f14   Number         4  py32f0xx_hal.o(.text.HAL_InitTick)
    [Anonymous Symbol]                       0x08000f18   Section        0  py32f0xx_hal_msp.o(.text.HAL_MspInit)
    __arm_cp.0_0                             0x08000f40   Number         4  py32f0xx_hal_msp.o(.text.HAL_MspInit)
    [Anonymous Symbol]                       0x08000f44   Section        0  py32f0xx_hal_cortex.o(.text.HAL_NVIC_EnableIRQ)
    __arm_cp.2_0                             0x08000f54   Number         4  py32f0xx_hal_cortex.o(.text.HAL_NVIC_EnableIRQ)
    [Anonymous Symbol]                       0x08000f58   Section        0  py32f0xx_hal_cortex.o(.text.HAL_NVIC_SetPriority)
    [Anonymous Symbol]                       0x08000f60   Section        0  py32f0xx_hal_rcc.o(.text.HAL_RCC_ClockConfig)
    __arm_cp.3_0                             0x08001098   Number         4  py32f0xx_hal_rcc.o(.text.HAL_RCC_ClockConfig)
    __arm_cp.3_1                             0x0800109c   Number         4  py32f0xx_hal_rcc.o(.text.HAL_RCC_ClockConfig)
    __arm_cp.3_4                             0x080010a0   Number         4  py32f0xx_hal_rcc.o(.text.HAL_RCC_ClockConfig)
    [Anonymous Symbol]                       0x080010a4   Section        0  py32f0xx_hal_rcc.o(.text.HAL_RCC_GetSysClockFreq)
    __arm_cp.2_0                             0x080010e0   Number         4  py32f0xx_hal_rcc.o(.text.HAL_RCC_GetSysClockFreq)
    __arm_cp.2_1                             0x080010e4   Number         4  py32f0xx_hal_rcc.o(.text.HAL_RCC_GetSysClockFreq)
    [Anonymous Symbol]                       0x080010fc   Section        0  py32f0xx_hal_rcc.o(.text.HAL_RCC_OscConfig)
    __arm_cp.1_0                             0x0800131c   Number         4  py32f0xx_hal_rcc.o(.text.HAL_RCC_OscConfig)
    __arm_cp.1_1                             0x08001320   Number         4  py32f0xx_hal_rcc.o(.text.HAL_RCC_OscConfig)
    __arm_cp.1_2                             0x08001324   Number         4  py32f0xx_hal_rcc.o(.text.HAL_RCC_OscConfig)
    __arm_cp.1_3                             0x08001328   Number         4  py32f0xx_hal_rcc.o(.text.HAL_RCC_OscConfig)
    __arm_cp.1_4                             0x0800132c   Number         4  py32f0xx_hal_rcc.o(.text.HAL_RCC_OscConfig)
    [Anonymous Symbol]                       0x08001330   Section        0  py32f0xx_hal_cortex.o(.text.HAL_SYSTICK_Config)
    __arm_cp.5_0                             0x08001358   Number         4  py32f0xx_hal_cortex.o(.text.HAL_SYSTICK_Config)
    __arm_cp.5_1                             0x0800135c   Number         4  py32f0xx_hal_cortex.o(.text.HAL_SYSTICK_Config)
    __arm_cp.5_2                             0x08001360   Number         4  py32f0xx_hal_cortex.o(.text.HAL_SYSTICK_Config)
    [Anonymous Symbol]                       0x08001364   Section        0  py32f0xx_hal_tim.o(.text.HAL_TIM_Base_Init)
    [Anonymous Symbol]                       0x08001398   Section        0  py32f0xx_hal_tim.o(.text.HAL_TIM_Base_MspInit)
    [Anonymous Symbol]                       0x0800139c   Section        0  py32f0xx_hal_tim.o(.text.HAL_TIM_OC_ConfigChannel)
    [Anonymous Symbol]                       0x080013f0   Section        0  py32f0xx_hal_tim.o(.text.HAL_TIM_OC_Start)
    __arm_cp.18_0                            0x08001430   Number         4  py32f0xx_hal_tim.o(.text.HAL_TIM_OC_Start)
    __arm_cp.18_1                            0x08001434   Number         4  py32f0xx_hal_tim.o(.text.HAL_TIM_OC_Start)
    __arm_cp.18_2                            0x08001438   Number         4  py32f0xx_hal_tim.o(.text.HAL_TIM_OC_Start)
    [Anonymous Symbol]                       0x0800143c   Section        0  py32f0xx_it.o(.text.HardFault_Handler)
    [Anonymous Symbol]                       0x0800143e   Section        0  py32f0xx_it.o(.text.NMI_Handler)
    NVIC_SetPriority                         0x08001441   Thumb Code    48  py32f0xx_hal_cortex.o(.text.NVIC_SetPriority)
    [Anonymous Symbol]                       0x08001440   Section        0  py32f0xx_hal_cortex.o(.text.NVIC_SetPriority)
    __arm_cp.1_0                             0x08001470   Number         4  py32f0xx_hal_cortex.o(.text.NVIC_SetPriority)
    __arm_cp.1_1                             0x08001474   Number         4  py32f0xx_hal_cortex.o(.text.NVIC_SetPriority)
    [Anonymous Symbol]                       0x08001478   Section        0  main.o(.text.PID_Compute)
    [Anonymous Symbol]                       0x08001540   Section        0  main.o(.text.PID_Init)
    __arm_cp.1_0                             0x08001560   Number         4  main.o(.text.PID_Init)
    __arm_cp.1_1                             0x08001564   Number         4  main.o(.text.PID_Init)
    __arm_cp.1_2                             0x08001568   Number         4  main.o(.text.PID_Init)
    __arm_cp.1_3                             0x0800156c   Number         4  main.o(.text.PID_Init)
    [Anonymous Symbol]                       0x08001570   Section        0  py32f0xx_it.o(.text.PendSV_Handler)
    [Anonymous Symbol]                       0x08001574   Section        0  segger_rtt.o(.text.SEGGER_RTT_Write)
    [Anonymous Symbol]                       0x080015a4   Section        0  segger_rtt.o(.text.SEGGER_RTT_WriteNoLock)
    __arm_cp.11_0                            0x08001608   Number         4  segger_rtt.o(.text.SEGGER_RTT_WriteNoLock)
    [Anonymous Symbol]                       0x0800160c   Section        0  segger_rtt_printf.o(.text.SEGGER_RTT_printf)
    [Anonymous Symbol]                       0x08001628   Section        0  segger_rtt_printf.o(.text.SEGGER_RTT_vprintf)
    __arm_cp.0_0                             0x08001838   Number         4  segger_rtt_printf.o(.text.SEGGER_RTT_vprintf)
    [Anonymous Symbol]                       0x0800183c   Section        0  py32f0xx_it.o(.text.SVC_Handler)
    [Anonymous Symbol]                       0x0800183e   Section        0  py32f0xx_it.o(.text.SysTick_Handler)
    [Anonymous Symbol]                       0x08001848   Section        0  system_py32f0xx.o(.text.SystemInit)
    __arm_cp.1_0                             0x0800187c   Number         4  system_py32f0xx.o(.text.SystemInit)
    __arm_cp.1_1                             0x08001880   Number         4  system_py32f0xx.o(.text.SystemInit)
    __arm_cp.1_2                             0x08001884   Number         4  system_py32f0xx.o(.text.SystemInit)
    __arm_cp.1_3                             0x08001888   Number         4  system_py32f0xx.o(.text.SystemInit)
    __arm_cp.1_4                             0x0800188c   Number         4  system_py32f0xx.o(.text.SystemInit)
    __arm_cp.1_5                             0x08001890   Number         4  system_py32f0xx.o(.text.SystemInit)
    __arm_cp.1_6                             0x08001894   Number         4  system_py32f0xx.o(.text.SystemInit)
    [Anonymous Symbol]                       0x08001898   Section        0  py32f0xx_hal_tim.o(.text.TIM_Base_SetConfig)
    __arm_cp.2_1                             0x0800190c   Number         4  py32f0xx_hal_tim.o(.text.TIM_Base_SetConfig)
    __arm_cp.2_2                             0x08001910   Number         4  py32f0xx_hal_tim.o(.text.TIM_Base_SetConfig)
    [Anonymous Symbol]                       0x08001914   Section        0  py32f0xx_hal_tim.o(.text.TIM_CCxChannelCmd)
    TIM_OC1_SetConfig                        0x08001931   Thumb Code   116  py32f0xx_hal_tim.o(.text.TIM_OC1_SetConfig)
    [Anonymous Symbol]                       0x08001930   Section        0  py32f0xx_hal_tim.o(.text.TIM_OC1_SetConfig)
    [Anonymous Symbol]                       0x080019a4   Section        0  py32f0xx_hal_tim.o(.text.TIM_OC2_SetConfig)
    TIM_OC3_SetConfig                        0x08001a0d   Thumb Code   104  py32f0xx_hal_tim.o(.text.TIM_OC3_SetConfig)
    [Anonymous Symbol]                       0x08001a0c   Section        0  py32f0xx_hal_tim.o(.text.TIM_OC3_SetConfig)
    __arm_cp.76_3                            0x08001a74   Number         4  py32f0xx_hal_tim.o(.text.TIM_OC3_SetConfig)
    TIM_OC4_SetConfig                        0x08001a79   Thumb Code    88  py32f0xx_hal_tim.o(.text.TIM_OC4_SetConfig)
    [Anonymous Symbol]                       0x08001a78   Section        0  py32f0xx_hal_tim.o(.text.TIM_OC4_SetConfig)
    __arm_cp.77_0                            0x08001ad0   Number         4  py32f0xx_hal_tim.o(.text.TIM_OC4_SetConfig)
    __arm_cp.77_1                            0x08001ad4   Number         4  py32f0xx_hal_tim.o(.text.TIM_OC4_SetConfig)
    __arm_cp.77_2                            0x08001ad8   Number         4  py32f0xx_hal_tim.o(.text.TIM_OC4_SetConfig)
    _DoInit                                  0x08001add   Thumb Code    76  segger_rtt.o(.text._DoInit)
    [Anonymous Symbol]                       0x08001adc   Section        0  segger_rtt.o(.text._DoInit)
    __arm_cp.1_0                             0x08001b28   Number         4  segger_rtt.o(.text._DoInit)
    __arm_cp.1_1                             0x08001b2c   Number         4  segger_rtt.o(.text._DoInit)
    __arm_cp.1_2                             0x08001b30   Number         4  segger_rtt.o(.text._DoInit)
    __arm_cp.1_3                             0x08001b34   Number         4  segger_rtt.o(.text._DoInit)
    __arm_cp.1_4                             0x08001b38   Number         4  segger_rtt.o(.text._DoInit)
    _GetAvailWriteSpace                      0x08001b3d   Thumb Code    22  segger_rtt.o(.text._GetAvailWriteSpace)
    [Anonymous Symbol]                       0x08001b3c   Section        0  segger_rtt.o(.text._GetAvailWriteSpace)
    _PrintInt                                0x08001b53   Thumb Code   248  segger_rtt_printf.o(.text._PrintInt)
    [Anonymous Symbol]                       0x08001b52   Section        0  segger_rtt_printf.o(.text._PrintInt)
    _PrintUnsigned                           0x08001c4d   Thumb Code   256  segger_rtt_printf.o(.text._PrintUnsigned)
    [Anonymous Symbol]                       0x08001c4c   Section        0  segger_rtt_printf.o(.text._PrintUnsigned)
    _PrintUnsigned._aV2C                     0x08001d4c   Number         0  segger_rtt_printf.o(.text._PrintUnsigned)
    _StoreChar                               0x08001d5d   Thumb Code    64  segger_rtt_printf.o(.text._StoreChar)
    [Anonymous Symbol]                       0x08001d5c   Section        0  segger_rtt_printf.o(.text._StoreChar)
    _WriteBlocking                           0x08001d9d   Thumb Code    90  segger_rtt.o(.text._WriteBlocking)
    [Anonymous Symbol]                       0x08001d9c   Section        0  segger_rtt.o(.text._WriteBlocking)
    _WriteNoCheck                            0x08001df7   Thumb Code    54  segger_rtt.o(.text._WriteNoCheck)
    [Anonymous Symbol]                       0x08001df6   Section        0  segger_rtt.o(.text._WriteNoCheck)
    [Anonymous Symbol]                       0x08001e2c   Section        0  main.o(.text.calculateTemp)
    __arm_cp.4_0                             0x08001e98   Number         4  main.o(.text.calculateTemp)
    __arm_cp.4_1                             0x08001e9c   Number         4  main.o(.text.calculateTemp)
    __arm_cp.4_2                             0x08001ea0   Number         4  main.o(.text.calculateTemp)
    __arm_cp.4_3                             0x08001ea4   Number         4  main.o(.text.calculateTemp)
    __arm_cp.4_4                             0x08001ea8   Number         4  main.o(.text.calculateTemp)
    [Anonymous Symbol]                       0x08001eac   Section        0  main.o(.text.main)
    __arm_cp.0_0                             0x08002200   Number         4  main.o(.text.main)
    __arm_cp.0_1                             0x08002204   Number         4  main.o(.text.main)
    __arm_cp.0_2                             0x08002208   Number         4  main.o(.text.main)
    __arm_cp.0_3                             0x0800220c   Number         4  main.o(.text.main)
    __arm_cp.0_4                             0x08002210   Number         4  main.o(.text.main)
    __arm_cp.0_5                             0x08002214   Number         4  main.o(.text.main)
    __arm_cp.0_6                             0x08002218   Number         4  main.o(.text.main)
    __arm_cp.0_7                             0x0800221c   Number         4  main.o(.text.main)
    __arm_cp.0_8                             0x08002220   Number         4  main.o(.text.main)
    __arm_cp.0_9                             0x08002224   Number         4  main.o(.text.main)
    __arm_cp.0_10                            0x08002228   Number         4  main.o(.text.main)
    __arm_cp.0_11                            0x0800222c   Number         4  main.o(.text.main)
    __arm_cp.0_12                            0x08002230   Number         4  main.o(.text.main)
    __arm_cp.0_14                            0x08002244   Number         4  main.o(.text.main)
    __arm_cp.0_15                            0x08002248   Number         4  main.o(.text.main)
    __arm_cp.0_16                            0x0800224c   Number         4  main.o(.text.main)
    __arm_cp.0_17                            0x08002250   Number         4  main.o(.text.main)
    __arm_cp.0_18                            0x08002254   Number         4  main.o(.text.main)
    __arm_cp.0_19                            0x08002258   Number         4  main.o(.text.main)
    __arm_cp.0_20                            0x0800225c   Number         4  main.o(.text.main)
    [Anonymous Symbol]                       0x08002270   Section        0  main.o(.text.map)
    i.__scatterload_copy                     0x080022aa   Section       14  handlers.o(i.__scatterload_copy)
    i.__scatterload_null                     0x080022b8   Section        2  handlers.o(i.__scatterload_null)
    i.__scatterload_zeroinit                 0x080022ba   Section       14  handlers.o(i.__scatterload_zeroinit)
    _DoInit._aInitStr                        0x08002308   Data          17  segger_rtt.o(.rodata._DoInit._aInitStr)
    [Anonymous Symbol]                       0x08002308   Section        0  segger_rtt.o(.rodata._DoInit._aInitStr)
    [Anonymous Symbol]                       0x0800233c   Section        0  segger_rtt.o(.rodata.str1.1)
    [Anonymous Symbol]                       0x200000c0   Section        0  py32f0xx_hal.o(.data..L_MergedGlobals)
    [Anonymous Symbol]                       0x200000d0   Section        0  main.o(.bss..L_MergedGlobals)
    _acDownBuffer                            0x2000023c   Data          16  segger_rtt.o(.bss._acDownBuffer)
    [Anonymous Symbol]                       0x2000023c   Section        0  segger_rtt.o(.bss._acDownBuffer)
    _acUpBuffer                              0x2000024c   Data         128  segger_rtt.o(.bss._acUpBuffer)
    [Anonymous Symbol]                       0x2000024c   Section        0  segger_rtt.o(.bss._acUpBuffer)
    STACK                                    0x200002e8   Section     1024  startup_py32f003xx.o(STACK)

    Global Symbols

    Symbol Name                              Value     Ov Type        Size  Object(Section)

    BuildAttributes$$THM_ISAv3M$S$PE$A:L22$X:L11$S22$IEEE1$IW$~IW$USESV6$~STKCKD$USESV7$~SHL$OTIME$ROPI$EBA8$MICROLIB$REQ8$PRES8$EABIv2 0x00000000   Number         0  anon$$obj.o ABSOLUTE
    __cpp_initialize__aeabi_                  - Undefined Weak Reference
    __cxa_finalize                            - Undefined Weak Reference
    __decompress                              - Undefined Weak Reference
    _clock_init                               - Undefined Weak Reference
    _microlib_exit                            - Undefined Weak Reference
    __Vectors_Size                           0x000000c0   Number         0  startup_py32f003xx.o ABSOLUTE
    __Vectors                                0x08000000   Data           4  startup_py32f003xx.o(RESET)
    __Vectors_End                            0x080000c0   Data           0  startup_py32f003xx.o(RESET)
    __main                                   0x080000c1   Thumb Code     0  entry.o(.ARM.Collect$$$$00000000)
    _main_stk                                0x080000c1   Thumb Code     0  entry2.o(.ARM.Collect$$$$00000001)
    _main_scatterload                        0x080000c5   Thumb Code     0  entry5.o(.ARM.Collect$$$$00000004)
    __main_after_scatterload                 0x080000c9   Thumb Code     0  entry5.o(.ARM.Collect$$$$00000004)
    _main_clock                              0x080000c9   Thumb Code     0  entry7b.o(.ARM.Collect$$$$00000008)
    _main_cpp_init                           0x080000c9   Thumb Code     0  entry8b.o(.ARM.Collect$$$$0000000A)
    _main_init                               0x080000c9   Thumb Code     0  entry9a.o(.ARM.Collect$$$$0000000B)
    __rt_final_cpp                           0x080000d1   Thumb Code     0  entry10a.o(.ARM.Collect$$$$0000000D)
    __rt_final_exit                          0x080000d1   Thumb Code     0  entry11a.o(.ARM.Collect$$$$0000000F)
    Reset_Handler                            0x080000d5   Thumb Code     8  startup_py32f003xx.o(.text)
    ADC_COMP_IRQHandler                      0x080000e7   Thumb Code     0  startup_py32f003xx.o(.text)
    DMA1_Channel1_IRQHandler                 0x080000e7   Thumb Code     0  startup_py32f003xx.o(.text)
    DMA1_Channel2_3_IRQHandler               0x080000e7   Thumb Code     0  startup_py32f003xx.o(.text)
    EXTI2_3_IRQHandler                       0x080000e7   Thumb Code     0  startup_py32f003xx.o(.text)
    EXTI4_15_IRQHandler                      0x080000e7   Thumb Code     0  startup_py32f003xx.o(.text)
    FLASH_IRQHandler                         0x080000e7   Thumb Code     0  startup_py32f003xx.o(.text)
    I2C1_IRQHandler                          0x080000e7   Thumb Code     0  startup_py32f003xx.o(.text)
    LPTIM1_IRQHandler                        0x080000e7   Thumb Code     0  startup_py32f003xx.o(.text)
    PVD_IRQHandler                           0x080000e7   Thumb Code     0  startup_py32f003xx.o(.text)
    RCC_IRQHandler                           0x080000e7   Thumb Code     0  startup_py32f003xx.o(.text)
    RTC_IRQHandler                           0x080000e7   Thumb Code     0  startup_py32f003xx.o(.text)
    SPI1_IRQHandler                          0x080000e7   Thumb Code     0  startup_py32f003xx.o(.text)
    TIM14_IRQHandler                         0x080000e7   Thumb Code     0  startup_py32f003xx.o(.text)
    TIM16_IRQHandler                         0x080000e7   Thumb Code     0  startup_py32f003xx.o(.text)
    TIM17_IRQHandler                         0x080000e7   Thumb Code     0  startup_py32f003xx.o(.text)
    TIM1_BRK_UP_TRG_COM_IRQHandler           0x080000e7   Thumb Code     0  startup_py32f003xx.o(.text)
    TIM1_CC_IRQHandler                       0x080000e7   Thumb Code     0  startup_py32f003xx.o(.text)
    TIM3_IRQHandler                          0x080000e7   Thumb Code     0  startup_py32f003xx.o(.text)
    USART1_IRQHandler                        0x080000e7   Thumb Code     0  startup_py32f003xx.o(.text)
    USART2_IRQHandler                        0x080000e7   Thumb Code     0  startup_py32f003xx.o(.text)
    WWDG_IRQHandler                          0x080000e7   Thumb Code     0  startup_py32f003xx.o(.text)
    __aeabi_memcpy                           0x080000f1   Thumb Code    36  memcpya.o(.text)
    __aeabi_memcpy4                          0x080000f1   Thumb Code     0  memcpya.o(.text)
    __aeabi_memcpy8                          0x080000f1   Thumb Code     0  memcpya.o(.text)
    __aeabi_memset                           0x08000115   Thumb Code    14  memseta.o(.text)
    __aeabi_memset4                          0x08000115   Thumb Code     0  memseta.o(.text)
    __aeabi_memset8                          0x08000115   Thumb Code     0  memseta.o(.text)
    __aeabi_memclr                           0x08000123   Thumb Code     4  memseta.o(.text)
    __aeabi_memclr4                          0x08000123   Thumb Code     0  memseta.o(.text)
    __aeabi_memclr8                          0x08000123   Thumb Code     0  memseta.o(.text)
    _memset$wrapper                          0x08000127   Thumb Code    18  memseta.o(.text)
    __aeabi_fadd                             0x08000139   Thumb Code   162  fadd.o(.text)
    __aeabi_fsub                             0x080001db   Thumb Code     8  fadd.o(.text)
    __aeabi_frsub                            0x080001e3   Thumb Code     8  fadd.o(.text)
    __aeabi_fmul                             0x080001eb   Thumb Code   122  fmul.o(.text)
    __aeabi_fdiv                             0x08000265   Thumb Code   124  fdiv.o(.text)
    __aeabi_fcmpge                           0x080002e1   Thumb Code    28  fcmpge.o(.text)
    __aeabi_fcmpgt                           0x080002fd   Thumb Code    28  fcmpgt.o(.text)
    __aeabi_i2f                              0x08000319   Thumb Code    22  fflti.o(.text)
    __aeabi_f2iz                             0x0800032f   Thumb Code    50  ffixi.o(.text)
    __aeabi_d2f                              0x08000361   Thumb Code    56  d2f.o(.text)
    __aeabi_uidiv                            0x08000399   Thumb Code     0  uidiv_div0.o(.text)
    __aeabi_uidivmod                         0x08000399   Thumb Code    62  uidiv_div0.o(.text)
    __aeabi_idiv                             0x080003d9   Thumb Code     0  idiv_div0.o(.text)
    __aeabi_idivmod$div0                     0x080003d9   Thumb Code    74  idiv_div0.o(.text)
    __I$use$fp                               0x08000429   Thumb Code     0  iusefp.o(.text)
    _float_round                             0x08000429   Thumb Code    16  fepilogue.o(.text)
    _float_epilogue                          0x08000439   Thumb Code   114  fepilogue.o(.text)
    __scatterload                            0x080004ad   Thumb Code    38  init.o(.text)
    __scatterload_rt2                        0x080004ad   Thumb Code     0  init.o(.text)
    main                                     0x080004dd   Thumb Code    40  system_py32f0xx.o(.text.$Sub$$main)
    APP_AdcPoll                              0x0800055d   Thumb Code   128  main.o(.text.APP_AdcPoll)
    APP_ErrorHandler                         0x080005f5   Thumb Code    18  main.o(.text.APP_ErrorHandler)
    EXTI0_1_IRQHandler                       0x08000609   Thumb Code    20  py32f0xx_it.o(.text.EXTI0_1_IRQHandler)
    HAL_ADC_Calibration_SingleStart          0x08000651   Thumb Code   136  py32f0xx_hal_adc.o(.text.HAL_ADC_Calibration_SingleStart)
    HAL_ADC_Calibration_Start                0x080006d9   Thumb Code   140  py32f0xx_hal_adc.o(.text.HAL_ADC_Calibration_Start)
    HAL_ADC_ConfigChannel                    0x08000769   Thumb Code   224  py32f0xx_hal_adc.o(.text.HAL_ADC_ConfigChannel)
    HAL_ADC_GetValue                         0x08000861   Thumb Code     6  py32f0xx_hal_adc.o(.text.HAL_ADC_GetValue)
    HAL_ADC_Init                             0x08000869   Thumb Code   292  py32f0xx_hal_adc.o(.text.HAL_ADC_Init)
    HAL_ADC_MspInit                          0x08000995   Thumb Code     2  py32f0xx_hal_adc.o(.text.HAL_ADC_MspInit)
    HAL_ADC_PollForConversion                0x08000997   Thumb Code   186  py32f0xx_hal_adc.o(.text.HAL_ADC_PollForConversion)
    HAL_ADC_Start                            0x08000a51   Thumb Code    80  py32f0xx_hal_adc.o(.text.HAL_ADC_Start)
    HAL_Delay                                0x08000aa5   Thumb Code    32  py32f0xx_hal.o(.text.HAL_Delay)
    HAL_FLASH_Lock                           0x08000ac9   Thumb Code    20  py32f0xx_hal_flash.o(.text.HAL_FLASH_Lock)
    HAL_FLASH_OBProgram                      0x08000add   Thumb Code   340  py32f0xx_hal_flash.o(.text.HAL_FLASH_OBProgram)
    HAL_FLASH_OB_Launch                      0x08000c51   Thumb Code    16  py32f0xx_hal_flash.o(.text.HAL_FLASH_OB_Launch)
    HAL_FLASH_OB_Lock                        0x08000c61   Thumb Code    24  py32f0xx_hal_flash.o(.text.HAL_FLASH_OB_Lock)
    HAL_FLASH_OB_Unlock                      0x08000c7d   Thumb Code    28  py32f0xx_hal_flash.o(.text.HAL_FLASH_OB_Unlock)
    HAL_FLASH_Unlock                         0x08000ca5   Thumb Code    28  py32f0xx_hal_flash.o(.text.HAL_FLASH_Unlock)
    HAL_GPIO_EXTI_Callback                   0x08000ccd   Thumb Code    36  main.o(.text.HAL_GPIO_EXTI_Callback)
    HAL_GPIO_EXTI_IRQHandler                 0x08000cf5   Thumb Code    20  py32f0xx_hal_gpio.o(.text.HAL_GPIO_EXTI_IRQHandler)
    HAL_GPIO_Init                            0x08000d0d   Thumb Code   356  py32f0xx_hal_gpio.o(.text.HAL_GPIO_Init)
    HAL_GPIO_TogglePin                       0x08000e81   Thumb Code    16  py32f0xx_hal_gpio.o(.text.HAL_GPIO_TogglePin)
    HAL_GPIO_WritePin                        0x08000e91   Thumb Code    14  py32f0xx_hal_gpio.o(.text.HAL_GPIO_WritePin)
    HAL_GetTick                              0x08000ea1   Thumb Code     8  py32f0xx_hal.o(.text.HAL_GetTick)
    HAL_IncTick                              0x08000ea9   Thumb Code    16  py32f0xx_hal.o(.text.HAL_IncTick)
    HAL_Init                                 0x08000ebd   Thumb Code    24  py32f0xx_hal.o(.text.HAL_Init)
    HAL_InitTick                             0x08000ed5   Thumb Code    64  py32f0xx_hal.o(.text.HAL_InitTick)
    HAL_MspInit                              0x08000f19   Thumb Code    40  py32f0xx_hal_msp.o(.text.HAL_MspInit)
    HAL_NVIC_EnableIRQ                       0x08000f45   Thumb Code    16  py32f0xx_hal_cortex.o(.text.HAL_NVIC_EnableIRQ)
    HAL_NVIC_SetPriority                     0x08000f59   Thumb Code     8  py32f0xx_hal_cortex.o(.text.HAL_NVIC_SetPriority)
    HAL_RCC_ClockConfig                      0x08000f61   Thumb Code   312  py32f0xx_hal_rcc.o(.text.HAL_RCC_ClockConfig)
    HAL_RCC_GetSysClockFreq                  0x080010a5   Thumb Code    60  py32f0xx_hal_rcc.o(.text.HAL_RCC_GetSysClockFreq)
    HAL_RCC_OscConfig                        0x080010fd   Thumb Code   544  py32f0xx_hal_rcc.o(.text.HAL_RCC_OscConfig)
    HAL_SYSTICK_Config                       0x08001331   Thumb Code    40  py32f0xx_hal_cortex.o(.text.HAL_SYSTICK_Config)
    HAL_TIM_Base_Init                        0x08001365   Thumb Code    52  py32f0xx_hal_tim.o(.text.HAL_TIM_Base_Init)
    HAL_TIM_Base_MspInit                     0x08001399   Thumb Code     2  py32f0xx_hal_tim.o(.text.HAL_TIM_Base_MspInit)
    HAL_TIM_OC_ConfigChannel                 0x0800139d   Thumb Code    82  py32f0xx_hal_tim.o(.text.HAL_TIM_OC_ConfigChannel)
    HAL_TIM_OC_Start                         0x080013f1   Thumb Code    64  py32f0xx_hal_tim.o(.text.HAL_TIM_OC_Start)
    HardFault_Handler                        0x0800143d   Thumb Code     2  py32f0xx_it.o(.text.HardFault_Handler)
    NMI_Handler                              0x0800143f   Thumb Code     2  py32f0xx_it.o(.text.NMI_Handler)
    PID_Compute                              0x08001479   Thumb Code   198  main.o(.text.PID_Compute)
    PID_Init                                 0x08001541   Thumb Code    32  main.o(.text.PID_Init)
    PendSV_Handler                           0x08001571   Thumb Code     2  py32f0xx_it.o(.text.PendSV_Handler)
    SEGGER_RTT_Write                         0x08001575   Thumb Code    48  segger_rtt.o(.text.SEGGER_RTT_Write)
    SEGGER_RTT_WriteNoLock                   0x080015a5   Thumb Code   100  segger_rtt.o(.text.SEGGER_RTT_WriteNoLock)
    SEGGER_RTT_printf                        0x0800160d   Thumb Code    26  segger_rtt_printf.o(.text.SEGGER_RTT_printf)
    SEGGER_RTT_vprintf                       0x08001629   Thumb Code   528  segger_rtt_printf.o(.text.SEGGER_RTT_vprintf)
    SVC_Handler                              0x0800183d   Thumb Code     2  py32f0xx_it.o(.text.SVC_Handler)
    SysTick_Handler                          0x0800183f   Thumb Code     8  py32f0xx_it.o(.text.SysTick_Handler)
    SystemInit                               0x08001849   Thumb Code    52  system_py32f0xx.o(.text.SystemInit)
    TIM_Base_SetConfig                       0x08001899   Thumb Code   116  py32f0xx_hal_tim.o(.text.TIM_Base_SetConfig)
    TIM_CCxChannelCmd                        0x08001915   Thumb Code    26  py32f0xx_hal_tim.o(.text.TIM_CCxChannelCmd)
    TIM_OC2_SetConfig                        0x080019a5   Thumb Code   104  py32f0xx_hal_tim.o(.text.TIM_OC2_SetConfig)
    calculateTemp                            0x08001e2d   Thumb Code   108  main.o(.text.calculateTemp)
    $Super$$main                             0x08001ead   Thumb Code   852  main.o(.text.main)
    map                                      0x08002271   Thumb Code    58  main.o(.text.map)
    __scatterload_copy                       0x080022ab   Thumb Code    14  handlers.o(i.__scatterload_copy)
    __scatterload_null                       0x080022b9   Thumb Code     2  handlers.o(i.__scatterload_null)
    __scatterload_zeroinit                   0x080022bb   Thumb Code    14  handlers.o(i.__scatterload_zeroinit)
    AHBPrescTable                            0x080022c8   Data          64  system_py32f0xx.o(.rodata.AHBPrescTable)
    _FlashTimmingParam                       0x0800231c   Data          32  py32f0xx_hal_flash.o(.rodata._FlashTimmingParam)
    temp_calibration_table                   0x08002346   Data          16  main.o(.rodata.temp_calibration_table)
    Region$$Table$$Base                      0x08002358   Number         0  anon$$obj.o(Region$$Table)
    Region$$Table$$Limit                     0x08002378   Number         0  anon$$obj.o(Region$$Table)
    VECT_SRAM_TAB                            0x20000000   Data         192  system_py32f0xx.o(.ARM.__at_0x20000000)
    uwTickPrio                               0x200000c0   Data           4  py32f0xx_hal.o(.data..L_MergedGlobals)
    uwTickFreq                               0x200000c4   Data           4  py32f0xx_hal.o(.data..L_MergedGlobals)
    SystemCoreClock                          0x200000c8   Data           4  system_py32f0xx.o(.data.SystemCoreClock)
    SW                                       0x200000d0   Data           1  main.o(.bss..L_MergedGlobals)
    current_state                            0x200000d1   Data           1  main.o(.bss..L_MergedGlobals)
    targetTemperature                        0x200000d2   Data           2  main.o(.bss..L_MergedGlobals)
    T_T12                                    0x200000d4   Data           2  main.o(.bss..L_MergedGlobals)
    currentTemperature                       0x200000d6   Data           2  main.o(.bss..L_MergedGlobals)
    pwm_output                               0x200000d8   Data           2  main.o(.bss..L_MergedGlobals)
    T_VCC                                    0x200000da   Data           2  main.o(.bss..L_MergedGlobals)
    last_activity_time                       0x200000dc   Data           4  main.o(.bss..L_MergedGlobals)
    last_control_tick                        0x200000e0   Data           4  main.o(.bss..L_MergedGlobals)
    adc_value                                0x200000e4   Data          16  main.o(.bss..L_MergedGlobals)
    pid                                      0x200000f4   Data          32  main.o(.bss..L_MergedGlobals)
    AdcHandle                                0x20000114   Data          64  main.o(.bss.AdcHandle)
    TimHandle                                0x20000154   Data          64  main.o(.bss.TimHandle)
    _SEGGER_RTT                              0x20000194   Data         168  segger_rtt.o(.bss._SEGGER_RTT)
    pFlash                                   0x200002cc   Data          24  py32f0xx_hal_flash.o(.bss.pFlash)
    uwTick                                   0x200002e4   Data           4  py32f0xx_hal.o(.bss.uwTick)
    __initial_sp                             0x200006e8   Data           0  startup_py32f003xx.o(STACK)



==============================================================================

Memory Map of the image

  Image Entry point : 0x080000c1

  Load Region LR_IROM1 (Base: 0x08000000, Size: 0x00002448, Max: 0x00004000, ABSOLUTE)

    Execution Region ER_IROM1 (Exec base: 0x08000000, Load base: 0x08000000, Size: 0x00002378, Max: 0x00004000, ABSOLUTE)

    Exec Addr    Load Addr    Size         Type   Attr      Idx    E Section Name        Object

    0x08000000   0x08000000   0x000000c0   Data   RO           22    RESET               startup_py32f003xx.o
    0x080000c0   0x080000c0   0x00000000   Code   RO          871  * .ARM.Collect$$$$00000000  mc_p.l(entry.o)
    0x080000c0   0x080000c0   0x00000004   Code   RO          904    .ARM.Collect$$$$00000001  mc_p.l(entry2.o)
    0x080000c4   0x080000c4   0x00000004   Code   RO          907    .ARM.Collect$$$$00000004  mc_p.l(entry5.o)
    0x080000c8   0x080000c8   0x00000000   Code   RO          909    .ARM.Collect$$$$00000008  mc_p.l(entry7b.o)
    0x080000c8   0x080000c8   0x00000000   Code   RO          911    .ARM.Collect$$$$0000000A  mc_p.l(entry8b.o)
    0x080000c8   0x080000c8   0x00000008   Code   RO          912    .ARM.Collect$$$$0000000B  mc_p.l(entry9a.o)
    0x080000d0   0x080000d0   0x00000000   Code   RO          914    .ARM.Collect$$$$0000000D  mc_p.l(entry10a.o)
    0x080000d0   0x080000d0   0x00000000   Code   RO          916    .ARM.Collect$$$$0000000F  mc_p.l(entry11a.o)
    0x080000d0   0x080000d0   0x00000004   Code   RO          905    .ARM.Collect$$$$00002712  mc_p.l(entry2.o)
    0x080000d4   0x080000d4   0x0000001c   Code   RO           23    .text               startup_py32f003xx.o
    0x080000f0   0x080000f0   0x00000024   Code   RO          880    .text               mc_p.l(memcpya.o)
    0x08000114   0x08000114   0x00000024   Code   RO          882    .text               mc_p.l(memseta.o)
    0x08000138   0x08000138   0x000000b2   Code   RO          888    .text               mf_p.l(fadd.o)
    0x080001ea   0x080001ea   0x0000007a   Code   RO          890    .text               mf_p.l(fmul.o)
    0x08000264   0x08000264   0x0000007c   Code   RO          892    .text               mf_p.l(fdiv.o)
    0x080002e0   0x080002e0   0x0000001c   Code   RO          894    .text               mf_p.l(fcmpge.o)
    0x080002fc   0x080002fc   0x0000001c   Code   RO          896    .text               mf_p.l(fcmpgt.o)
    0x08000318   0x08000318   0x00000016   Code   RO          898    .text               mf_p.l(fflti.o)
    0x0800032e   0x0800032e   0x00000032   Code   RO          900    .text               mf_p.l(ffixi.o)
    0x08000360   0x08000360   0x00000038   Code   RO          902    .text               mf_p.l(d2f.o)
    0x08000398   0x08000398   0x0000003e   Code   RO          920    .text               mc_p.l(uidiv_div0.o)
    0x080003d6   0x080003d6   0x00000002   PAD
    0x080003d8   0x080003d8   0x00000050   Code   RO          922    .text               mc_p.l(idiv_div0.o)
    0x08000428   0x08000428   0x00000000   Code   RO          926    .text               mc_p.l(iusefp.o)
    0x08000428   0x08000428   0x00000082   Code   RO          927    .text               mf_p.l(fepilogue.o)
    0x080004aa   0x080004aa   0x00000002   PAD
    0x080004ac   0x080004ac   0x00000030   Code   RO          929    .text               mc_p.l(init.o)
    0x080004dc   0x080004dc   0x00000030   Code   RO            6    .text.$Sub$$main    system_py32f0xx.o
    0x0800050c   0x0800050c   0x00000050   Code   RO          309    .text.ADC_Enable    py32f0xx_hal_adc.o
    0x0800055c   0x0800055c   0x00000098   Code   RO           34    .text.APP_AdcPoll   main.o
    0x080005f4   0x080005f4   0x00000012   Code   RO           44    .text.APP_ErrorHandler  main.o
    0x08000606   0x08000606   0x00000002   PAD
    0x08000608   0x08000608   0x00000018   Code   RO           77    .text.EXTI0_1_IRQHandler  py32f0xx_it.o
    0x08000620   0x08000620   0x00000030   Code   RO          381    .text.FLASH_WaitForLastOperation  py32f0xx_hal_flash.o
    0x08000650   0x08000650   0x00000088   Code   RO          355    .text.HAL_ADC_Calibration_SingleStart  py32f0xx_hal_adc.o
    0x080006d8   0x080006d8   0x00000090   Code   RO          357    .text.HAL_ADC_Calibration_Start  py32f0xx_hal_adc.o
    0x08000768   0x08000768   0x000000f8   Code   RO          343    .text.HAL_ADC_ConfigChannel  py32f0xx_hal_adc.o
    0x08000860   0x08000860   0x00000006   Code   RO          331    .text.HAL_ADC_GetValue  py32f0xx_hal_adc.o
    0x08000866   0x08000866   0x00000002   PAD
    0x08000868   0x08000868   0x0000012c   Code   RO          295    .text.HAL_ADC_Init  py32f0xx_hal_adc.o
    0x08000994   0x08000994   0x00000002   Code   RO          297    .text.HAL_ADC_MspInit  py32f0xx_hal_adc.o
    0x08000996   0x08000996   0x000000ba   Code   RO          313    .text.HAL_ADC_PollForConversion  py32f0xx_hal_adc.o
    0x08000a50   0x08000a50   0x00000054   Code   RO          307    .text.HAL_ADC_Start  py32f0xx_hal_adc.o
    0x08000aa4   0x08000aa4   0x00000024   Code   RO          213    .text.HAL_Delay     py32f0xx_hal.o
    0x08000ac8   0x08000ac8   0x00000014   Code   RO          369    .text.HAL_FLASH_Lock  py32f0xx_hal_flash.o
    0x08000adc   0x08000adc   0x00000174   Code   RO          397    .text.HAL_FLASH_OBProgram  py32f0xx_hal_flash.o
    0x08000c50   0x08000c50   0x00000010   Code   RO          375    .text.HAL_FLASH_OB_Launch  py32f0xx_hal_flash.o
    0x08000c60   0x08000c60   0x0000001c   Code   RO          373    .text.HAL_FLASH_OB_Lock  py32f0xx_hal_flash.o
    0x08000c7c   0x08000c7c   0x00000028   Code   RO          371    .text.HAL_FLASH_OB_Unlock  py32f0xx_hal_flash.o
    0x08000ca4   0x08000ca4   0x00000028   Code   RO          367    .text.HAL_FLASH_Unlock  py32f0xx_hal_flash.o
    0x08000ccc   0x08000ccc   0x00000028   Code   RO           42    .text.HAL_GPIO_EXTI_Callback  main.o
    0x08000cf4   0x08000cf4   0x00000018   Code   RO          431    .text.HAL_GPIO_EXTI_IRQHandler  py32f0xx_hal_gpio.o
    0x08000d0c   0x08000d0c   0x00000174   Code   RO          417    .text.HAL_GPIO_Init  py32f0xx_hal_gpio.o
    0x08000e80   0x08000e80   0x00000010   Code   RO          425    .text.HAL_GPIO_TogglePin  py32f0xx_hal_gpio.o
    0x08000e90   0x08000e90   0x0000000e   Code   RO          423    .text.HAL_GPIO_WritePin  py32f0xx_hal_gpio.o
    0x08000e9e   0x08000e9e   0x00000002   PAD
    0x08000ea0   0x08000ea0   0x00000008   Code   RO          205    .text.HAL_GetTick   py32f0xx_hal.o
    0x08000ea8   0x08000ea8   0x00000014   Code   RO          203    .text.HAL_IncTick   py32f0xx_hal.o
    0x08000ebc   0x08000ebc   0x00000018   Code   RO          193    .text.HAL_Init      py32f0xx_hal.o
    0x08000ed4   0x08000ed4   0x00000044   Code   RO          195    .text.HAL_InitTick  py32f0xx_hal.o
    0x08000f18   0x08000f18   0x0000002c   Code   RO           59    .text.HAL_MspInit   py32f0xx_hal_msp.o
    0x08000f44   0x08000f44   0x00000014   Code   RO          842    .text.HAL_NVIC_EnableIRQ  py32f0xx_hal_cortex.o
    0x08000f58   0x08000f58   0x00000008   Code   RO          838    .text.HAL_NVIC_SetPriority  py32f0xx_hal_cortex.o
    0x08000f60   0x08000f60   0x00000144   Code   RO          253    .text.HAL_RCC_ClockConfig  py32f0xx_hal_rcc.o
    0x080010a4   0x080010a4   0x00000058   Code   RO          251    .text.HAL_RCC_GetSysClockFreq  py32f0xx_hal_rcc.o
    0x080010fc   0x080010fc   0x00000234   Code   RO          249    .text.HAL_RCC_OscConfig  py32f0xx_hal_rcc.o
    0x08001330   0x08001330   0x00000034   Code   RO          848    .text.HAL_SYSTICK_Config  py32f0xx_hal_cortex.o
    0x08001364   0x08001364   0x00000034   Code   RO          441    .text.HAL_TIM_Base_Init  py32f0xx_hal_tim.o
    0x08001398   0x08001398   0x00000002   Code   RO          443    .text.HAL_TIM_Base_MspInit  py32f0xx_hal_tim.o
    0x0800139a   0x0800139a   0x00000002   PAD
    0x0800139c   0x0800139c   0x00000052   Code   RO          587    .text.HAL_TIM_OC_ConfigChannel  py32f0xx_hal_tim.o
    0x080013ee   0x080013ee   0x00000002   PAD
    0x080013f0   0x080013f0   0x0000004c   Code   RO          477    .text.HAL_TIM_OC_Start  py32f0xx_hal_tim.o
    0x0800143c   0x0800143c   0x00000002   Code   RO           69    .text.HardFault_Handler  py32f0xx_it.o
    0x0800143e   0x0800143e   0x00000002   Code   RO           67    .text.NMI_Handler   py32f0xx_it.o
    0x08001440   0x08001440   0x00000038   Code   RO          840    .text.NVIC_SetPriority  py32f0xx_hal_cortex.o
    0x08001478   0x08001478   0x000000c6   Code   RO           40    .text.PID_Compute   main.o
    0x0800153e   0x0800153e   0x00000002   PAD
    0x08001540   0x08001540   0x00000030   Code   RO           32    .text.PID_Init      main.o
    0x08001570   0x08001570   0x00000002   Code   RO           73    .text.PendSV_Handler  py32f0xx_it.o
    0x08001572   0x08001572   0x00000002   PAD
    0x08001574   0x08001574   0x00000030   Code   RO          112    .text.SEGGER_RTT_Write  segger_rtt.o
    0x080015a4   0x080015a4   0x00000068   Code   RO          108    .text.SEGGER_RTT_WriteNoLock  segger_rtt.o
    0x0800160c   0x0800160c   0x0000001a   Code   RO          183    .text.SEGGER_RTT_printf  segger_rtt_printf.o
    0x08001626   0x08001626   0x00000002   PAD
    0x08001628   0x08001628   0x00000214   Code   RO          175    .text.SEGGER_RTT_vprintf  segger_rtt_printf.o
    0x0800183c   0x0800183c   0x00000002   Code   RO           71    .text.SVC_Handler   py32f0xx_it.o
    0x0800183e   0x0800183e   0x00000008   Code   RO           75    .text.SysTick_Handler  py32f0xx_it.o
    0x08001846   0x08001846   0x00000002   PAD
    0x08001848   0x08001848   0x00000050   Code   RO            4    .text.SystemInit    system_py32f0xx.o
    0x08001898   0x08001898   0x0000007c   Code   RO          445    .text.TIM_Base_SetConfig  py32f0xx_hal_tim.o
    0x08001914   0x08001914   0x0000001a   Code   RO          479    .text.TIM_CCxChannelCmd  py32f0xx_hal_tim.o
    0x0800192e   0x0800192e   0x00000002   PAD
    0x08001930   0x08001930   0x00000074   Code   RO          589    .text.TIM_OC1_SetConfig  py32f0xx_hal_tim.o
    0x080019a4   0x080019a4   0x00000068   Code   RO          591    .text.TIM_OC2_SetConfig  py32f0xx_hal_tim.o
    0x08001a0c   0x08001a0c   0x0000006c   Code   RO          593    .text.TIM_OC3_SetConfig  py32f0xx_hal_tim.o
    0x08001a78   0x08001a78   0x00000064   Code   RO          595    .text.TIM_OC4_SetConfig  py32f0xx_hal_tim.o
    0x08001adc   0x08001adc   0x00000060   Code   RO           88    .text._DoInit       segger_rtt.o
    0x08001b3c   0x08001b3c   0x00000016   Code   RO          102    .text._GetAvailWriteSpace  segger_rtt.o
    0x08001b52   0x08001b52   0x000000f8   Code   RO          179    .text._PrintInt     segger_rtt_printf.o
    0x08001c4a   0x08001c4a   0x00000002   PAD
    0x08001c4c   0x08001c4c   0x00000110   Code   RO          181    .text._PrintUnsigned  segger_rtt_printf.o
    0x08001d5c   0x08001d5c   0x00000040   Code   RO          177    .text._StoreChar    segger_rtt_printf.o
    0x08001d9c   0x08001d9c   0x0000005a   Code   RO          106    .text._WriteBlocking  segger_rtt.o
    0x08001df6   0x08001df6   0x00000036   Code   RO          104    .text._WriteNoCheck  segger_rtt.o
    0x08001e2c   0x08001e2c   0x00000080   Code   RO           38    .text.calculateTemp  main.o
    0x08001eac   0x08001eac   0x000003c4   Code   RO           30    .text.main          main.o
    0x08002270   0x08002270   0x0000003a   Code   RO           36    .text.map           main.o
    0x080022aa   0x080022aa   0x0000000e   Code   RO          933    i.__scatterload_copy  mc_p.l(handlers.o)
    0x080022b8   0x080022b8   0x00000002   Code   RO          934    i.__scatterload_null  mc_p.l(handlers.o)
    0x080022ba   0x080022ba   0x0000000e   Code   RO          935    i.__scatterload_zeroinit  mc_p.l(handlers.o)
    0x080022c8   0x080022c8   0x00000040   Data   RO            9    .rodata.AHBPrescTable  system_py32f0xx.o
    0x08002308   0x08002308   0x00000011   Data   RO          163    .rodata._DoInit._aInitStr  segger_rtt.o
    0x08002319   0x08002319   0x00000003   PAD
    0x0800231c   0x0800231c   0x00000020   Data   RO          408    .rodata._FlashTimmingParam  py32f0xx_hal_flash.o
    0x0800233c   0x0800233c   0x00000009   Data   RO          164    .rodata.str1.1      segger_rtt.o
    0x08002345   0x08002345   0x00000001   PAD
    0x08002346   0x08002346   0x00000010   Data   RO           46    .rodata.temp_calibration_table  main.o
    0x08002356   0x08002356   0x00000002   PAD
    0x08002358   0x08002358   0x00000020   Data   RO          932    Region$$Table       anon$$obj.o


    Execution Region RW_IRAM1 (Exec base: 0x20000000, Load base: 0x08002378, Size: 0x000006e8, Max: 0x00000800, ABSOLUTE)

    Exec Addr    Load Addr    Size         Type   Attr      Idx    E Section Name        Object

    0x20000000   0x08002378   0x000000c0   Data   RW           12    .ARM.__at_0x20000000  system_py32f0xx.o
    0x200000c0   0x08002438   0x00000008   Data   RW          238    .data..L_MergedGlobals  py32f0xx_hal.o
    0x200000c8   0x08002440   0x00000004   Data   RW            8    .data.SystemCoreClock  system_py32f0xx.o
    0x200000cc   0x08002444   0x00000004   PAD
    0x200000d0        -       0x00000044   Zero   RW           50    .bss..L_MergedGlobals  main.o
    0x20000114        -       0x00000040   Zero   RW           48    .bss.AdcHandle      main.o
    0x20000154        -       0x00000040   Zero   RW           47    .bss.TimHandle      main.o
    0x20000194        -       0x000000a8   Zero   RW          160    .bss._SEGGER_RTT    segger_rtt.o
    0x2000023c        -       0x00000010   Zero   RW          166    .bss._acDownBuffer  segger_rtt.o
    0x2000024c        -       0x00000080   Zero   RW          165    .bss._acUpBuffer    segger_rtt.o
    0x200002cc        -       0x00000018   Zero   RW          407    .bss.pFlash         py32f0xx_hal_flash.o
    0x200002e4        -       0x00000004   Zero   RW          237    .bss.uwTick         py32f0xx_hal.o
    0x200002e8        -       0x00000400   Zero   RW           20    STACK               startup_py32f003xx.o


==============================================================================

Image component sizes


      Code (inc. data)   RO Data    RW Data    ZI Data      Debug   Object Name

      1606        176         16          0        196      13079   main.o
       156         12          0          8          4       5353   py32f0xx_hal.o
      1186         44          0          0          0      14660   py32f0xx_hal_adc.o
       136         24          0          0          0       5402   py32f0xx_hal_cortex.o
       564         68         32          0         24      10519   py32f0xx_hal_flash.o
       426         20          0          0          0       4466   py32f0xx_hal_gpio.o
        44          4          0          0          0       1314   py32f0xx_hal_msp.o
       976         60          0          0          0       7277   py32f0xx_hal_rcc.o
       790         40          0          0          0      42642   py32f0xx_hal_tim.o
        40          4          0          0          0        990   py32f0xx_it.o
       414         24         26          0        312      19342   segger_rtt.o
      1142         42          0          0          0       5877   segger_rtt_printf.o
        28          8        192          0       1024        648   startup_py32f003xx.o
       128         36         64        196          0       2380   system_py32f0xx.o

    ----------------------------------------------------------------------
      7658        562        368        204       1564     133949   Object Totals
         0          0         32          0          0          0   (incl. Generated)
        22          0          6          0          4          0   (incl. Padding)

    ----------------------------------------------------------------------

      Code (inc. data)   RO Data    RW Data    ZI Data      Debug   Library Member Name

         0          0          0          0          0          0   entry.o
         0          0          0          0          0          0   entry10a.o
         0          0          0          0          0          0   entry11a.o
         8          4          0          0          0          0   entry2.o
         4          0          0          0          0          0   entry5.o
         0          0          0          0          0          0   entry7b.o
         0          0          0          0          0          0   entry8b.o
         8          4          0          0          0          0   entry9a.o
        30          0          0          0          0          0   handlers.o
        80          6          0          0          0         72   idiv_div0.o
        48         10          0          0          0         68   init.o
         0          0          0          0          0          0   iusefp.o
        36          0          0          0          0         60   memcpya.o
        36          0          0          0          0        100   memseta.o
        62          0          0          0          0         72   uidiv_div0.o
        56          0          0          0          0         68   d2f.o
       178          0          0          0          0        108   fadd.o
        28          0          0          0          0         60   fcmpge.o
        28          0          0          0          0         60   fcmpgt.o
       124          0          0          0          0         72   fdiv.o
       130          0          0          0          0        144   fepilogue.o
        50          0          0          0          0         60   ffixi.o
        22          0          0          0          0         68   fflti.o
       122          0          0          0          0         72   fmul.o

    ----------------------------------------------------------------------
      1054         24          0          0          0       1084   Library Totals
         4          0          0          0          0          0   (incl. Padding)

    ----------------------------------------------------------------------

      Code (inc. data)   RO Data    RW Data    ZI Data      Debug   Library Name

       312         24          0          0          0        372   mc_p.l
       738          0          0          0          0        712   mf_p.l

    ----------------------------------------------------------------------
      1054         24          0          0          0       1084   Library Totals

    ----------------------------------------------------------------------

==============================================================================


      Code (inc. data)   RO Data    RW Data    ZI Data      Debug   

      8712        586        368        204       1564     134505   Grand Totals
      8712        586        368        204       1564     134505   ELF Image Totals
      8712        586        368        204          0          0   ROM Totals

==============================================================================

    Total RO  Size (Code + RO Data)                 9080 (   8.87kB)
    Total RW  Size (RW Data + ZI Data)              1768 (   1.73kB)
    Total ROM Size (Code + RO Data + RW Data)       9284 (   9.07kB)

==============================================================================

